Component: ARM Compiler 5.06 update 7 (build 960) Tool: armlink [4d3601]

==============================================================================

Section Cross References

    stm32f10x.o(RESET) refers to stm32f10x.o(STACK) for __initial_sp
    stm32f10x.o(RESET) refers to stm32f10x.o(.text) for Reset_Handler
    stm32f10x.o(RESET) refers to port.o(.emb_text) for vPortSVCHandler
    stm32f10x.o(RESET) refers to port.o(.text) for xPortSysTickHandler
    stm32f10x.o(RESET) refers to timertest.o(.text) for vTimer2IntHandler
    stm32f10x.o(RESET) refers to serial.o(.text) for vUARTInterruptHandler
    stm32f10x.o(.text) refers to entry.o(.ARM.Collect$$$$00000000) for __main
    lcd.o(.text) refers to stm32f10x_gpio.o(.text) for GPIO_WriteBit
    lcd.o(.text) refers to stm32f10x_spi.o(.text) for SPI_SendData
    lcd.o(.text) refers to stm32f10x_rcc.o(.text) for RCC_APB2PeriphClockCmd
    lcd.o(.text) refers to tasks.o(.text) for vTaskDelay
    lcd.o(.text) refers to lcd.o(.data) for TextColor
    lcd.o(.text) refers to lcd.o(.constdata) for ASCII_Table
    lcd.o(.text) refers to spi_flash.o(.text) for SPI_FLASH_StartReadSequence
    lcd.o(.text) refers to cortexm3_macro_rvds.o(.text) for __REV_HalfWord
    stm32f10x_usart.o(.text) refers to stm32f10x_rcc.o(.text) for RCC_APB2PeriphResetCmd
    stm32f10x_gpio.o(.text) refers to stm32f10x_rcc.o(.text) for RCC_APB2PeriphResetCmd
    stm32f10x_nvic.o(.text) refers to cortexm3_macro_rvds.o(.text) for __SETPRIMASK
    stm32f10x_rcc.o(.text) refers to stm32f10x_rcc.o(.constdata) for APBAHBPrescTable
    stm32f10x_spi.o(.text) refers to stm32f10x_rcc.o(.text) for RCC_APB2PeriphResetCmd
    stm32f10x_tim.o(.text) refers to stm32f10x_rcc.o(.text) for RCC_APB1PeriphResetCmd
    stm32f10x_tim.o(.text) refers to stm32f10x_tim.o(.constdata) for Tab_OCModeMask
    partest.o(.text) refers to stm32f10x_gpio.o(.text) for GPIO_Init
    partest.o(.text) refers to tasks.o(.text) for vTaskSuspendAll
    partest.o(.text) refers to partest.o(.data) for usOutputValue
    serial.o(.text) refers to stm32f10x_rcc.o(.text) for RCC_APB2PeriphClockCmd
    serial.o(.text) refers to stm32f10x_gpio.o(.text) for GPIO_Init
    serial.o(.text) refers to stm32f10x_usart.o(.text) for USART_Init
    serial.o(.text) refers to queue.o(.text) for xQueueGenericCreate
    serial.o(.text) refers to stm32f10x_nvic.o(.text) for NVIC_Init
    serial.o(.text) refers to serial.o(.data) for xRxedChars
    timertest.o(.text) refers to stm32f10x_rcc.o(.text) for RCC_APB1PeriphClockCmd
    timertest.o(.text) refers to stm32f10x_tim.o(.text) for TIM_DeInit
    timertest.o(.text) refers to stm32f10x_nvic.o(.text) for NVIC_Init
    timertest.o(.text) refers to timertest.o(.data) for usSettleCount
    main.o(.text) refers to stm32f10x_rcc.o(.text) for RCC_DeInit
    main.o(.text) refers to stm32f10x_nvic.o(.text) for NVIC_SetVectorTable
    main.o(.text) refers to stm32f10x_systick.o(.text) for SysTick_CLKSourceConfig
    main.o(.text) refers to serial.o(.text) for SerialPortInit
    main.o(.text) refers to partest.o(.text) for vParTestInitialise
    main.o(.text) refers to printfb.o(i.__0printf$bare) for __2printf
    main.o(.text) refers to tasks.o(.text) for vTaskStartScheduler
    spi_flash.o(.text) refers to stm32f10x_gpio.o(.text) for GPIO_WriteBit
    spi_flash.o(.text) refers to stm32f10x_rcc.o(.text) for RCC_APB2PeriphClockCmd
    spi_flash.o(.text) refers to stm32f10x_spi.o(.text) for SPI_Init
    semtest.o(.text) refers to port.o(.text) for vPortEnterCritical
    semtest.o(.text) refers to queue.o(.text) for xQueueSemaphoreTake
    semtest.o(.text) refers to tasks.o(.text) for vTaskDelay
    semtest.o(.text) refers to heap_2.o(.text) for pvPortMalloc
    semtest.o(.text) refers to semtest.o(.data) for sNextCheckVariable
    blockq.o(.text) refers to queue.o(.text) for xQueueReceive
    blockq.o(.text) refers to heap_2.o(.text) for pvPortMalloc
    blockq.o(.text) refers to tasks.o(.text) for xTaskCreate
    blockq.o(.text) refers to blockq.o(.data) for sBlockingConsumerCount
    blocktim.o(.text) refers to tasks.o(.text) for vTaskSuspend
    blocktim.o(.text) refers to queue.o(.text) for xQueueGenericSend
    blocktim.o(.text) refers to blocktim.o(.data) for xRunIndicator
    comtest.o(.text) refers to serial.o(.text) for xSerialGetChar
    comtest.o(.text) refers to partest.o(.text) for vParTestToggleLED
    comtest.o(.text) refers to tasks.o(.text) for xTaskGetTickCount
    comtest.o(.text) refers to comtest.o(.data) for xPort
    death.o(.text) refers to tasks.o(.text) for vTaskDelay
    death.o(.text) refers to death.o(.data) for uxTasksRunningAtStart
    flash.o(.text) refers to port.o(.text) for vPortEnterCritical
    flash.o(.text) refers to tasks.o(.text) for xTaskGetTickCount
    flash.o(.text) refers to partest.o(.text) for vParTestToggleLED
    flash.o(.text) refers to flash.o(.data) for uxFlashTaskNumber
    integer.o(.text) refers to port.o(.text) for vPortEnterCritical
    integer.o(.text) refers to tasks.o(.text) for xTaskCreate
    integer.o(.text) refers to integer.o(.data) for xTaskCheck
    pollq.o(.text) refers to queue.o(.text) for xQueueGenericSend
    pollq.o(.text) refers to port.o(.text) for vPortEnterCritical
    pollq.o(.text) refers to tasks.o(.text) for vTaskDelay
    pollq.o(.text) refers to pollq.o(.data) for xPollingProducerCount
    tasks.o(.text) refers to list.o(.text) for vListInitialise
    tasks.o(.text) refers to port.o(.text) for vPortEnterCritical
    tasks.o(.text) refers to heap_2.o(.text) for pvPortMalloc
    tasks.o(.text) refers to memseta.o(.text) for __aeabi_memclr4
    tasks.o(.text) refers to tasks.o(.bss) for pxReadyTasksLists
    tasks.o(.text) refers to tasks.o(.data) for pxDelayedTaskList
    queue.o(.text) refers to port.o(.text) for vPortEnterCritical
    queue.o(.text) refers to tasks.o(.text) for xTaskRemoveFromEventList
    queue.o(.text) refers to list.o(.text) for vListInitialise
    queue.o(.text) refers to heap_2.o(.text) for pvPortMalloc
    queue.o(.text) refers to memcpya.o(.text) for __aeabi_memcpy
    port.o(.emb_text) refers to tasks.o(.text) for vTaskSwitchContext
    port.o(.emb_text) refers to tasks.o(.data) for pxCurrentTCB
    port.o(.text) refers to port.o(.emb_text) for __asm___6_port_c_39a90d8d__prvStartFirstTask
    port.o(.text) refers to tasks.o(.text) for xTaskIncrementTick
    port.o(.text) refers to port.o(.data) for uxCriticalNesting
    heap_2.o(.text) refers to tasks.o(.text) for vTaskSuspendAll
    heap_2.o(.text) refers to memseta.o(.text) for __aeabi_memclr
    heap_2.o(.text) refers to heap_2.o(.bss) for ucHeap
    heap_2.o(.text) refers to heap_2.o(.data) for xStart
    entry.o(.ARM.Collect$$$$00000000) refers (Special) to entry10a.o(.ARM.Collect$$$$0000000F) for __rt_final_cpp
    entry.o(.ARM.Collect$$$$00000000) refers (Special) to entry11a.o(.ARM.Collect$$$$00000011) for __rt_final_exit
    entry.o(.ARM.Collect$$$$00000000) refers (Special) to entry12b.o(.ARM.Collect$$$$0000000E) for __rt_lib_shutdown_fini
    entry.o(.ARM.Collect$$$$00000000) refers (Special) to entry7b.o(.ARM.Collect$$$$00000008) for _main_clock
    entry.o(.ARM.Collect$$$$00000000) refers (Special) to entry8b.o(.ARM.Collect$$$$0000000A) for _main_cpp_init
    entry.o(.ARM.Collect$$$$00000000) refers (Special) to entry9a.o(.ARM.Collect$$$$0000000B) for _main_init
    entry.o(.ARM.Collect$$$$00000000) refers (Special) to entry5.o(.ARM.Collect$$$$00000004) for _main_scatterload
    entry.o(.ARM.Collect$$$$00000000) refers (Special) to entry2.o(.ARM.Collect$$$$00000001) for _main_stk
    printfb.o(i.__0fprintf$bare) refers to printfb.o(i._printf_core) for _printf_core
    printfb.o(i.__0fprintf$bare) refers to serial.o(.text) for fputc
    printfb.o(i.__0printf$bare) refers to printfb.o(i._printf_core) for _printf_core
    printfb.o(i.__0printf$bare) refers to serial.o(.text) for fputc
    printfb.o(i.__0printf$bare) refers to stdout.o(.data) for __stdout
    printfb.o(i.__0snprintf$bare) refers to printfb.o(i._printf_core) for _printf_core
    printfb.o(i.__0snprintf$bare) refers to printfb.o(i._snputc) for _snputc
    printfb.o(i.__0sprintf$bare) refers to printfb.o(i._printf_core) for _printf_core
    printfb.o(i.__0sprintf$bare) refers to printfb.o(i._sputc) for _sputc
    printfb.o(i.__0vfprintf$bare) refers to printfb.o(i._printf_core) for _printf_core
    printfb.o(i.__0vfprintf$bare) refers to serial.o(.text) for fputc
    printfb.o(i.__0vprintf$bare) refers to printfb.o(i._printf_core) for _printf_core
    printfb.o(i.__0vprintf$bare) refers to serial.o(.text) for fputc
    printfb.o(i.__0vprintf$bare) refers to stdout.o(.data) for __stdout
    printfb.o(i.__0vsnprintf$bare) refers to printfb.o(i._printf_core) for _printf_core
    printfb.o(i.__0vsnprintf$bare) refers to printfb.o(i._snputc) for _snputc
    printfb.o(i.__0vsprintf$bare) refers to printfb.o(i._printf_core) for _printf_core
    printfb.o(i.__0vsprintf$bare) refers to printfb.o(i._sputc) for _sputc
    printf0.o(i.__0fprintf$0) refers to printf0.o(i._printf_core) for _printf_core
    printf0.o(i.__0fprintf$0) refers to serial.o(.text) for fputc
    printf0.o(i.__0printf$0) refers to printf0.o(i._printf_core) for _printf_core
    printf0.o(i.__0printf$0) refers to serial.o(.text) for fputc
    printf0.o(i.__0printf$0) refers to stdout.o(.data) for __stdout
    printf0.o(i.__0snprintf$0) refers to printf0.o(i._printf_core) for _printf_core
    printf0.o(i.__0snprintf$0) refers to printf0.o(i._snputc) for _snputc
    printf0.o(i.__0sprintf$0) refers to printf0.o(i._printf_core) for _printf_core
    printf0.o(i.__0sprintf$0) refers to printf0.o(i._sputc) for _sputc
    printf0.o(i.__0vfprintf$0) refers to printf0.o(i._printf_core) for _printf_core
    printf0.o(i.__0vfprintf$0) refers to serial.o(.text) for fputc
    printf0.o(i.__0vprintf$0) refers to printf0.o(i._printf_core) for _printf_core
    printf0.o(i.__0vprintf$0) refers to serial.o(.text) for fputc
    printf0.o(i.__0vprintf$0) refers to stdout.o(.data) for __stdout
    printf0.o(i.__0vsnprintf$0) refers to printf0.o(i._printf_core) for _printf_core
    printf0.o(i.__0vsnprintf$0) refers to printf0.o(i._snputc) for _snputc
    printf0.o(i.__0vsprintf$0) refers to printf0.o(i._printf_core) for _printf_core
    printf0.o(i.__0vsprintf$0) refers to printf0.o(i._sputc) for _sputc
    printf1.o(i.__0fprintf$1) refers to printf1.o(i._printf_core) for _printf_core
    printf1.o(i.__0fprintf$1) refers to serial.o(.text) for fputc
    printf1.o(i.__0printf$1) refers to printf1.o(i._printf_core) for _printf_core
    printf1.o(i.__0printf$1) refers to serial.o(.text) for fputc
    printf1.o(i.__0printf$1) refers to stdout.o(.data) for __stdout
    printf1.o(i.__0snprintf$1) refers to printf1.o(i._printf_core) for _printf_core
    printf1.o(i.__0snprintf$1) refers to printf1.o(i._snputc) for _snputc
    printf1.o(i.__0sprintf$1) refers to printf1.o(i._printf_core) for _printf_core
    printf1.o(i.__0sprintf$1) refers to printf1.o(i._sputc) for _sputc
    printf1.o(i.__0vfprintf$1) refers to printf1.o(i._printf_core) for _printf_core
    printf1.o(i.__0vfprintf$1) refers to serial.o(.text) for fputc
    printf1.o(i.__0vprintf$1) refers to printf1.o(i._printf_core) for _printf_core
    printf1.o(i.__0vprintf$1) refers to serial.o(.text) for fputc
    printf1.o(i.__0vprintf$1) refers to stdout.o(.data) for __stdout
    printf1.o(i.__0vsnprintf$1) refers to printf1.o(i._printf_core) for _printf_core
    printf1.o(i.__0vsnprintf$1) refers to printf1.o(i._snputc) for _snputc
    printf1.o(i.__0vsprintf$1) refers to printf1.o(i._printf_core) for _printf_core
    printf1.o(i.__0vsprintf$1) refers to printf1.o(i._sputc) for _sputc
    printf1.o(i._printf_core) refers to uidiv.o(.text) for __aeabi_uidivmod
    printf2.o(i.__0fprintf$2) refers to printf2.o(i._printf_core) for _printf_core
    printf2.o(i.__0fprintf$2) refers to serial.o(.text) for fputc
    printf2.o(i.__0printf$2) refers to printf2.o(i._printf_core) for _printf_core
    printf2.o(i.__0printf$2) refers to serial.o(.text) for fputc
    printf2.o(i.__0printf$2) refers to stdout.o(.data) for __stdout
    printf2.o(i.__0snprintf$2) refers to printf2.o(i._printf_core) for _printf_core
    printf2.o(i.__0snprintf$2) refers to printf2.o(i._snputc) for _snputc
    printf2.o(i.__0sprintf$2) refers to printf2.o(i._printf_core) for _printf_core
    printf2.o(i.__0sprintf$2) refers to printf2.o(i._sputc) for _sputc
    printf2.o(i.__0vfprintf$2) refers to printf2.o(i._printf_core) for _printf_core
    printf2.o(i.__0vfprintf$2) refers to serial.o(.text) for fputc
    printf2.o(i.__0vprintf$2) refers to printf2.o(i._printf_core) for _printf_core
    printf2.o(i.__0vprintf$2) refers to serial.o(.text) for fputc
    printf2.o(i.__0vprintf$2) refers to stdout.o(.data) for __stdout
    printf2.o(i.__0vsnprintf$2) refers to printf2.o(i._printf_core) for _printf_core
    printf2.o(i.__0vsnprintf$2) refers to printf2.o(i._snputc) for _snputc
    printf2.o(i.__0vsprintf$2) refers to printf2.o(i._printf_core) for _printf_core
    printf2.o(i.__0vsprintf$2) refers to printf2.o(i._sputc) for _sputc
    printf3.o(i.__0fprintf$3) refers to printf3.o(i._printf_core) for _printf_core
    printf3.o(i.__0fprintf$3) refers to serial.o(.text) for fputc
    printf3.o(i.__0printf$3) refers to printf3.o(i._printf_core) for _printf_core
    printf3.o(i.__0printf$3) refers to serial.o(.text) for fputc
    printf3.o(i.__0printf$3) refers to stdout.o(.data) for __stdout
    printf3.o(i.__0snprintf$3) refers to printf3.o(i._printf_core) for _printf_core
    printf3.o(i.__0snprintf$3) refers to printf3.o(i._snputc) for _snputc
    printf3.o(i.__0sprintf$3) refers to printf3.o(i._printf_core) for _printf_core
    printf3.o(i.__0sprintf$3) refers to printf3.o(i._sputc) for _sputc
    printf3.o(i.__0vfprintf$3) refers to printf3.o(i._printf_core) for _printf_core
    printf3.o(i.__0vfprintf$3) refers to serial.o(.text) for fputc
    printf3.o(i.__0vprintf$3) refers to printf3.o(i._printf_core) for _printf_core
    printf3.o(i.__0vprintf$3) refers to serial.o(.text) for fputc
    printf3.o(i.__0vprintf$3) refers to stdout.o(.data) for __stdout
    printf3.o(i.__0vsnprintf$3) refers to printf3.o(i._printf_core) for _printf_core
    printf3.o(i.__0vsnprintf$3) refers to printf3.o(i._snputc) for _snputc
    printf3.o(i.__0vsprintf$3) refers to printf3.o(i._printf_core) for _printf_core
    printf3.o(i.__0vsprintf$3) refers to printf3.o(i._sputc) for _sputc
    printf3.o(i._printf_core) refers to uidiv.o(.text) for __aeabi_uidivmod
    printf4.o(i.__0fprintf$4) refers to printf4.o(i._printf_core) for _printf_core
    printf4.o(i.__0fprintf$4) refers to serial.o(.text) for fputc
    printf4.o(i.__0printf$4) refers to printf4.o(i._printf_core) for _printf_core
    printf4.o(i.__0printf$4) refers to serial.o(.text) for fputc
    printf4.o(i.__0printf$4) refers to stdout.o(.data) for __stdout
    printf4.o(i.__0snprintf$4) refers to printf4.o(i._printf_core) for _printf_core
    printf4.o(i.__0snprintf$4) refers to printf4.o(i._snputc) for _snputc
    printf4.o(i.__0sprintf$4) refers to printf4.o(i._printf_core) for _printf_core
    printf4.o(i.__0sprintf$4) refers to printf4.o(i._sputc) for _sputc
    printf4.o(i.__0vfprintf$4) refers to printf4.o(i._printf_core) for _printf_core
    printf4.o(i.__0vfprintf$4) refers to serial.o(.text) for fputc
    printf4.o(i.__0vprintf$4) refers to printf4.o(i._printf_core) for _printf_core
    printf4.o(i.__0vprintf$4) refers to serial.o(.text) for fputc
    printf4.o(i.__0vprintf$4) refers to stdout.o(.data) for __stdout
    printf4.o(i.__0vsnprintf$4) refers to printf4.o(i._printf_core) for _printf_core
    printf4.o(i.__0vsnprintf$4) refers to printf4.o(i._snputc) for _snputc
    printf4.o(i.__0vsprintf$4) refers to printf4.o(i._printf_core) for _printf_core
    printf4.o(i.__0vsprintf$4) refers to printf4.o(i._sputc) for _sputc
    printf4.o(i._printf_core) refers to uldiv.o(.text) for __aeabi_uldivmod
    printf5.o(i.__0fprintf$5) refers to printf5.o(i._printf_core) for _printf_core
    printf5.o(i.__0fprintf$5) refers to serial.o(.text) for fputc
    printf5.o(i.__0printf$5) refers to printf5.o(i._printf_core) for _printf_core
    printf5.o(i.__0printf$5) refers to serial.o(.text) for fputc
    printf5.o(i.__0printf$5) refers to stdout.o(.data) for __stdout
    printf5.o(i.__0snprintf$5) refers to printf5.o(i._printf_core) for _printf_core
    printf5.o(i.__0snprintf$5) refers to printf5.o(i._snputc) for _snputc
    printf5.o(i.__0sprintf$5) refers to printf5.o(i._printf_core) for _printf_core
    printf5.o(i.__0sprintf$5) refers to printf5.o(i._sputc) for _sputc
    printf5.o(i.__0vfprintf$5) refers to printf5.o(i._printf_core) for _printf_core
    printf5.o(i.__0vfprintf$5) refers to serial.o(.text) for fputc
    printf5.o(i.__0vprintf$5) refers to printf5.o(i._printf_core) for _printf_core
    printf5.o(i.__0vprintf$5) refers to serial.o(.text) for fputc
    printf5.o(i.__0vprintf$5) refers to stdout.o(.data) for __stdout
    printf5.o(i.__0vsnprintf$5) refers to printf5.o(i._printf_core) for _printf_core
    printf5.o(i.__0vsnprintf$5) refers to printf5.o(i._snputc) for _snputc
    printf5.o(i.__0vsprintf$5) refers to printf5.o(i._printf_core) for _printf_core
    printf5.o(i.__0vsprintf$5) refers to printf5.o(i._sputc) for _sputc
    printf5.o(i._printf_core) refers to uldiv.o(.text) for __aeabi_uldivmod
    printf6.o(i.__0fprintf$6) refers to printf6.o(i._printf_core) for _printf_core
    printf6.o(i.__0fprintf$6) refers to serial.o(.text) for fputc
    printf6.o(i.__0printf$6) refers to printf6.o(i._printf_core) for _printf_core
    printf6.o(i.__0printf$6) refers to serial.o(.text) for fputc
    printf6.o(i.__0printf$6) refers to stdout.o(.data) for __stdout
    printf6.o(i.__0snprintf$6) refers to printf6.o(i._printf_core) for _printf_core
    printf6.o(i.__0snprintf$6) refers to printf6.o(i._snputc) for _snputc
    printf6.o(i.__0sprintf$6) refers to printf6.o(i._printf_core) for _printf_core
    printf6.o(i.__0sprintf$6) refers to printf6.o(i._sputc) for _sputc
    printf6.o(i.__0vfprintf$6) refers to printf6.o(i._printf_core) for _printf_core
    printf6.o(i.__0vfprintf$6) refers to serial.o(.text) for fputc
    printf6.o(i.__0vprintf$6) refers to printf6.o(i._printf_core) for _printf_core
    printf6.o(i.__0vprintf$6) refers to serial.o(.text) for fputc
    printf6.o(i.__0vprintf$6) refers to stdout.o(.data) for __stdout
    printf6.o(i.__0vsnprintf$6) refers to printf6.o(i._printf_core) for _printf_core
    printf6.o(i.__0vsnprintf$6) refers to printf6.o(i._snputc) for _snputc
    printf6.o(i.__0vsprintf$6) refers to printf6.o(i._printf_core) for _printf_core
    printf6.o(i.__0vsprintf$6) refers to printf6.o(i._sputc) for _sputc
    printf6.o(i._printf_core) refers to printf6.o(i._printf_pre_padding) for _printf_pre_padding
    printf6.o(i._printf_core) refers to uidiv.o(.text) for __aeabi_uidivmod
    printf6.o(i._printf_core) refers to printf6.o(i._printf_post_padding) for _printf_post_padding
    printf7.o(i.__0fprintf$7) refers to printf7.o(i._printf_core) for _printf_core
    printf7.o(i.__0fprintf$7) refers to serial.o(.text) for fputc
    printf7.o(i.__0printf$7) refers to printf7.o(i._printf_core) for _printf_core
    printf7.o(i.__0printf$7) refers to serial.o(.text) for fputc
    printf7.o(i.__0printf$7) refers to stdout.o(.data) for __stdout
    printf7.o(i.__0snprintf$7) refers to printf7.o(i._printf_core) for _printf_core
    printf7.o(i.__0snprintf$7) refers to printf7.o(i._snputc) for _snputc
    printf7.o(i.__0sprintf$7) refers to printf7.o(i._printf_core) for _printf_core
    printf7.o(i.__0sprintf$7) refers to printf7.o(i._sputc) for _sputc
    printf7.o(i.__0vfprintf$7) refers to printf7.o(i._printf_core) for _printf_core
    printf7.o(i.__0vfprintf$7) refers to serial.o(.text) for fputc
    printf7.o(i.__0vprintf$7) refers to printf7.o(i._printf_core) for _printf_core
    printf7.o(i.__0vprintf$7) refers to serial.o(.text) for fputc
    printf7.o(i.__0vprintf$7) refers to stdout.o(.data) for __stdout
    printf7.o(i.__0vsnprintf$7) refers to printf7.o(i._printf_core) for _printf_core
    printf7.o(i.__0vsnprintf$7) refers to printf7.o(i._snputc) for _snputc
    printf7.o(i.__0vsprintf$7) refers to printf7.o(i._printf_core) for _printf_core
    printf7.o(i.__0vsprintf$7) refers to printf7.o(i._sputc) for _sputc
    printf7.o(i._printf_core) refers to printf7.o(i._printf_pre_padding) for _printf_pre_padding
    printf7.o(i._printf_core) refers to uldiv.o(.text) for __aeabi_uldivmod
    printf7.o(i._printf_core) refers to printf7.o(i._printf_post_padding) for _printf_post_padding
    printf8.o(i.__0fprintf$8) refers to printf8.o(i._printf_core) for _printf_core
    printf8.o(i.__0fprintf$8) refers to serial.o(.text) for fputc
    printf8.o(i.__0printf$8) refers to printf8.o(i._printf_core) for _printf_core
    printf8.o(i.__0printf$8) refers to serial.o(.text) for fputc
    printf8.o(i.__0printf$8) refers to stdout.o(.data) for __stdout
    printf8.o(i.__0snprintf$8) refers to printf8.o(i._printf_core) for _printf_core
    printf8.o(i.__0snprintf$8) refers to printf8.o(i._snputc) for _snputc
    printf8.o(i.__0sprintf$8) refers to printf8.o(i._printf_core) for _printf_core
    printf8.o(i.__0sprintf$8) refers to printf8.o(i._sputc) for _sputc
    printf8.o(i.__0vfprintf$8) refers to printf8.o(i._printf_core) for _printf_core
    printf8.o(i.__0vfprintf$8) refers to serial.o(.text) for fputc
    printf8.o(i.__0vprintf$8) refers to printf8.o(i._printf_core) for _printf_core
    printf8.o(i.__0vprintf$8) refers to serial.o(.text) for fputc
    printf8.o(i.__0vprintf$8) refers to stdout.o(.data) for __stdout
    printf8.o(i.__0vsnprintf$8) refers to printf8.o(i._printf_core) for _printf_core
    printf8.o(i.__0vsnprintf$8) refers to printf8.o(i._snputc) for _snputc
    printf8.o(i.__0vsprintf$8) refers to printf8.o(i._printf_core) for _printf_core
    printf8.o(i.__0vsprintf$8) refers to printf8.o(i._sputc) for _sputc
    printf8.o(i._printf_core) refers to printf8.o(i._printf_pre_padding) for _printf_pre_padding
    printf8.o(i._printf_core) refers to uldiv.o(.text) for __aeabi_uldivmod
    printf8.o(i._printf_core) refers to printf8.o(i._printf_post_padding) for _printf_post_padding
    printfa.o(i.__0fprintf) refers (Special) to iusefp.o(.text) for __I$use$fp
    printfa.o(i.__0fprintf) refers to printfa.o(i._printf_core) for _printf_core
    printfa.o(i.__0fprintf) refers to serial.o(.text) for fputc
    printfa.o(i.__0printf) refers (Special) to iusefp.o(.text) for __I$use$fp
    printfa.o(i.__0printf) refers to printfa.o(i._printf_core) for _printf_core
    printfa.o(i.__0printf) refers to serial.o(.text) for fputc
    printfa.o(i.__0printf) refers to stdout.o(.data) for __stdout
    printfa.o(i.__0snprintf) refers (Special) to iusefp.o(.text) for __I$use$fp
    printfa.o(i.__0snprintf) refers to printfa.o(i._printf_core) for _printf_core
    printfa.o(i.__0snprintf) refers to printfa.o(i._snputc) for _snputc
    printfa.o(i.__0sprintf) refers (Special) to iusefp.o(.text) for __I$use$fp
    printfa.o(i.__0sprintf) refers to printfa.o(i._printf_core) for _printf_core
    printfa.o(i.__0sprintf) refers to printfa.o(i._sputc) for _sputc
    printfa.o(i.__0vfprintf) refers (Special) to iusefp.o(.text) for __I$use$fp
    printfa.o(i.__0vfprintf) refers to printfa.o(i._printf_core) for _printf_core
    printfa.o(i.__0vfprintf) refers to serial.o(.text) for fputc
    printfa.o(i.__0vprintf) refers (Special) to iusefp.o(.text) for __I$use$fp
    printfa.o(i.__0vprintf) refers to printfa.o(i._printf_core) for _printf_core
    printfa.o(i.__0vprintf) refers to serial.o(.text) for fputc
    printfa.o(i.__0vprintf) refers to stdout.o(.data) for __stdout
    printfa.o(i.__0vsnprintf) refers (Special) to iusefp.o(.text) for __I$use$fp
    printfa.o(i.__0vsnprintf) refers to printfa.o(i._printf_core) for _printf_core
    printfa.o(i.__0vsnprintf) refers to printfa.o(i._snputc) for _snputc
    printfa.o(i.__0vsprintf) refers (Special) to iusefp.o(.text) for __I$use$fp
    printfa.o(i.__0vsprintf) refers to printfa.o(i._printf_core) for _printf_core
    printfa.o(i.__0vsprintf) refers to printfa.o(i._sputc) for _sputc
    printfa.o(i._fp_digits) refers (Special) to iusefp.o(.text) for __I$use$fp
    printfa.o(i._fp_digits) refers to dmul.o(.text) for __aeabi_dmul
    printfa.o(i._fp_digits) refers to ddiv.o(.text) for __aeabi_ddiv
    printfa.o(i._fp_digits) refers to cdrcmple.o(.text) for __aeabi_cdrcmple
    printfa.o(i._fp_digits) refers to dadd.o(.text) for __aeabi_dadd
    printfa.o(i._fp_digits) refers to dfixul.o(.text) for __aeabi_d2ulz
    printfa.o(i._fp_digits) refers to uldiv.o(.text) for __aeabi_uldivmod
    printfa.o(i._printf_core) refers (Special) to iusefp.o(.text) for __I$use$fp
    printfa.o(i._printf_core) refers to printfa.o(i._printf_pre_padding) for _printf_pre_padding
    printfa.o(i._printf_core) refers to uldiv.o(.text) for __aeabi_uldivmod
    printfa.o(i._printf_core) refers to printfa.o(i._printf_post_padding) for _printf_post_padding
    printfa.o(i._printf_core) refers to printfa.o(i._fp_digits) for _fp_digits
    printfa.o(i._printf_core) refers to uidiv.o(.text) for __aeabi_uidivmod
    printfa.o(i._printf_post_padding) refers (Special) to iusefp.o(.text) for __I$use$fp
    printfa.o(i._printf_pre_padding) refers (Special) to iusefp.o(.text) for __I$use$fp
    printfa.o(i._snputc) refers (Special) to iusefp.o(.text) for __I$use$fp
    printfa.o(i._sputc) refers (Special) to iusefp.o(.text) for __I$use$fp
    entry2.o(.ARM.Collect$$$$00000001) refers to entry2.o(.ARM.Collect$$$$00002712) for __lit__00000000
    entry2.o(.ARM.Collect$$$$00002712) refers to stm32f10x.o(STACK) for __initial_sp
    entry2.o(__vectab_stack_and_reset_area) refers to stm32f10x.o(STACK) for __initial_sp
    entry2.o(__vectab_stack_and_reset_area) refers to entry.o(.ARM.Collect$$$$00000000) for __main
    entry5.o(.ARM.Collect$$$$00000004) refers to init.o(.text) for __scatterload
    entry9a.o(.ARM.Collect$$$$0000000B) refers to main.o(.text) for main
    entry9b.o(.ARM.Collect$$$$0000000C) refers to main.o(.text) for main
    uldiv.o(.text) refers to llushr.o(.text) for __aeabi_llsr
    uldiv.o(.text) refers to llshl.o(.text) for __aeabi_llsl
    dadd.o(.text) refers to llshl.o(.text) for __aeabi_llsl
    dadd.o(.text) refers to llsshr.o(.text) for __aeabi_lasr
    dadd.o(.text) refers to depilogue.o(.text) for _double_epilogue
    dmul.o(.text) refers to depilogue.o(.text) for _double_epilogue
    ddiv.o(.text) refers to depilogue.o(.text) for _double_round
    dfixul.o(.text) refers to llushr.o(.text) for __aeabi_llsr
    dfixul.o(.text) refers to llshl.o(.text) for __aeabi_llsl
    init.o(.text) refers to entry5.o(.ARM.Collect$$$$00000004) for __main_after_scatterload
    depilogue.o(.text) refers to llshl.o(.text) for __aeabi_llsl
    depilogue.o(.text) refers to llushr.o(.text) for __aeabi_llsr


==============================================================================

Removing Unused input sections from the image.

    Removing stm32f10x.o(HEAP), (0 bytes).
    Removing lcd.o(.text), (2880 bytes).
    Removing lcd.o(.constdata), (4560 bytes).
    Removing lcd.o(.data), (4 bytes).
    Removing stm32f10x_spi.o(.text), (532 bytes).
    Removing main.o(.constdata), (9663 bytes).
    Removing main.o(.data), (4 bytes).
    Removing spi_flash.o(.text), (980 bytes).
    Removing semtest.o(.text), (488 bytes).
    Removing semtest.o(.data), (18 bytes).
    Removing blockq.o(.text), (580 bytes).
    Removing blockq.o(.data), (24 bytes).
    Removing blocktim.o(.text), (1228 bytes).
    Removing blocktim.o(.data), (32 bytes).
    Removing comtest.o(.text), (320 bytes).
    Removing comtest.o(.data), (12 bytes).
    Removing death.o(.text), (304 bytes).
    Removing death.o(.data), (20 bytes).
    Removing flash.o(.text), (136 bytes).
    Removing flash.o(.data), (4 bytes).
    Removing integer.o(.text), (164 bytes).
    Removing integer.o(.data), (4 bytes).
    Removing pollq.o(.text), (292 bytes).
    Removing pollq.o(.data), (12 bytes).
    Removing dadd.o(.text), (334 bytes).
    Removing dmul.o(.text), (228 bytes).
    Removing ddiv.o(.text), (222 bytes).
    Removing dfixul.o(.text), (48 bytes).
    Removing cdrcmple.o(.text), (48 bytes).
    Removing depilogue.o(.text), (186 bytes).

30 unused section(s) (total 23327 bytes) removed from the image.

==============================================================================

Image Symbol Table

    Local Symbols

    Symbol Name                              Value     Ov Type        Size  Object(Section)

    ../clib/microlib/division.c              0x00000000   Number         0  uldiv.o ABSOLUTE
    ../clib/microlib/division.c              0x00000000   Number         0  uidiv.o ABSOLUTE
    ../clib/microlib/init/entry.s            0x00000000   Number         0  entry11b.o ABSOLUTE
    ../clib/microlib/init/entry.s            0x00000000   Number         0  entry8a.o ABSOLUTE
    ../clib/microlib/init/entry.s            0x00000000   Number         0  entry2.o ABSOLUTE
    ../clib/microlib/init/entry.s            0x00000000   Number         0  entry8b.o ABSOLUTE
    ../clib/microlib/init/entry.s            0x00000000   Number         0  entry5.o ABSOLUTE
    ../clib/microlib/init/entry.s            0x00000000   Number         0  entry7a.o ABSOLUTE
    ../clib/microlib/init/entry.s            0x00000000   Number         0  entry7b.o ABSOLUTE
    ../clib/microlib/init/entry.s            0x00000000   Number         0  entry12b.o ABSOLUTE
    ../clib/microlib/init/entry.s            0x00000000   Number         0  entry10b.o ABSOLUTE
    ../clib/microlib/init/entry.s            0x00000000   Number         0  entry11a.o ABSOLUTE
    ../clib/microlib/init/entry.s            0x00000000   Number         0  entry12a.o ABSOLUTE
    ../clib/microlib/init/entry.s            0x00000000   Number         0  entry10a.o ABSOLUTE
    ../clib/microlib/init/entry.s            0x00000000   Number         0  entry9b.o ABSOLUTE
    ../clib/microlib/init/entry.s            0x00000000   Number         0  entry9a.o ABSOLUTE
    ../clib/microlib/init/entry.s            0x00000000   Number         0  entry.o ABSOLUTE
    ../clib/microlib/longlong.c              0x00000000   Number         0  llsshr.o ABSOLUTE
    ../clib/microlib/longlong.c              0x00000000   Number         0  llushr.o ABSOLUTE
    ../clib/microlib/longlong.c              0x00000000   Number         0  llshl.o ABSOLUTE
    ../clib/microlib/printf/printf.c         0x00000000   Number         0  printf4.o ABSOLUTE
    ../clib/microlib/printf/printf.c         0x00000000   Number         0  printf5.o ABSOLUTE
    ../clib/microlib/printf/printf.c         0x00000000   Number         0  printf6.o ABSOLUTE
    ../clib/microlib/printf/printf.c         0x00000000   Number         0  printf8.o ABSOLUTE
    ../clib/microlib/printf/printf.c         0x00000000   Number         0  printfa.o ABSOLUTE
    ../clib/microlib/printf/printf.c         0x00000000   Number         0  printf7.o ABSOLUTE
    ../clib/microlib/printf/printf.c         0x00000000   Number         0  printf2.o ABSOLUTE
    ../clib/microlib/printf/printf.c         0x00000000   Number         0  printfb.o ABSOLUTE
    ../clib/microlib/printf/printf.c         0x00000000   Number         0  printf0.o ABSOLUTE
    ../clib/microlib/printf/printf.c         0x00000000   Number         0  printf1.o ABSOLUTE
    ../clib/microlib/printf/printf.c         0x00000000   Number         0  printf3.o ABSOLUTE
    ../clib/microlib/stdio/streams.c         0x00000000   Number         0  stdout.o ABSOLUTE
    ../clib/microlib/string/memcpy.c         0x00000000   Number         0  memcpya.o ABSOLUTE
    ../clib/microlib/string/memcpy.c         0x00000000   Number         0  memcpyb.o ABSOLUTE
    ../clib/microlib/string/memset.c         0x00000000   Number         0  memseta.o ABSOLUTE
    ../clib/microlib/stubs.s                 0x00000000   Number         0  iusefp.o ABSOLUTE
    ../fplib/microlib/fpadd.c                0x00000000   Number         0  dadd.o ABSOLUTE
    ../fplib/microlib/fpdiv.c                0x00000000   Number         0  ddiv.o ABSOLUTE
    ../fplib/microlib/fpepilogue.c           0x00000000   Number         0  depilogue.o ABSOLUTE
    ../fplib/microlib/fpfix.c                0x00000000   Number         0  dfixul.o ABSOLUTE
    ../fplib/microlib/fpmul.c                0x00000000   Number         0  dmul.o ABSOLUTE
    ..\..\Source\list.c                      0x00000000   Number         0  list.o ABSOLUTE
    ..\..\Source\portable\MemMang\heap_2.c   0x00000000   Number         0  heap_2.o ABSOLUTE
    ..\..\Source\portable\RVDS\ARM_CM3\port.c 0x00000000   Number         0  port.o ABSOLUTE
    ..\..\Source\queue.c                     0x00000000   Number         0  queue.o ABSOLUTE
    ..\..\Source\tasks.c                     0x00000000   Number         0  tasks.o ABSOLUTE
    ..\Common\Minimal\BlockQ.c               0x00000000   Number         0  blockq.o ABSOLUTE
    ..\Common\Minimal\PollQ.c                0x00000000   Number         0  pollq.o ABSOLUTE
    ..\Common\Minimal\blocktim.c             0x00000000   Number         0  blocktim.o ABSOLUTE
    ..\Common\Minimal\comtest.c              0x00000000   Number         0  comtest.o ABSOLUTE
    ..\Common\Minimal\death.c                0x00000000   Number         0  death.o ABSOLUTE
    ..\Common\Minimal\flash.c                0x00000000   Number         0  flash.o ABSOLUTE
    ..\Common\Minimal\integer.c              0x00000000   Number         0  integer.o ABSOLUTE
    ..\Common\Minimal\semtest.c              0x00000000   Number         0  semtest.o ABSOLUTE
    ..\Common\drivers\ST\STM32F10xFWLib\src\cortexm3_macro_rvds.s 0x00000000   Number         0  cortexm3_macro_rvds.o ABSOLUTE
    ..\Common\drivers\ST\STM32F10xFWLib\src\lcd.c 0x00000000   Number         0  lcd.o ABSOLUTE
    ..\\..\\Source\\portable\\RVDS\\ARM_CM3\\port.c 0x00000000   Number         0  port.o ABSOLUTE
    ParTest\ParTest.c                        0x00000000   Number         0  partest.o ABSOLUTE
    STM32F10x.s                              0x00000000   Number         0  stm32f10x.o ABSOLUTE
    STM32F10xFWLib\src\stm32f10x_gpio.c      0x00000000   Number         0  stm32f10x_gpio.o ABSOLUTE
    STM32F10xFWLib\src\stm32f10x_lib.c       0x00000000   Number         0  stm32f10x_lib.o ABSOLUTE
    STM32F10xFWLib\src\stm32f10x_nvic.c      0x00000000   Number         0  stm32f10x_nvic.o ABSOLUTE
    STM32F10xFWLib\src\stm32f10x_rcc.c       0x00000000   Number         0  stm32f10x_rcc.o ABSOLUTE
    STM32F10xFWLib\src\stm32f10x_spi.c       0x00000000   Number         0  stm32f10x_spi.o ABSOLUTE
    STM32F10xFWLib\src\stm32f10x_systick.c   0x00000000   Number         0  stm32f10x_systick.o ABSOLUTE
    STM32F10xFWLib\src\stm32f10x_tim.c       0x00000000   Number         0  stm32f10x_tim.o ABSOLUTE
    STM32F10xFWLib\src\stm32f10x_usart.c     0x00000000   Number         0  stm32f10x_usart.o ABSOLUTE
    cdrcmple.s                               0x00000000   Number         0  cdrcmple.o ABSOLUTE
    dc.s                                     0x00000000   Number         0  dc.o ABSOLUTE
    handlers.s                               0x00000000   Number         0  handlers.o ABSOLUTE
    init.s                                   0x00000000   Number         0  init.o ABSOLUTE
    main.c                                   0x00000000   Number         0  main.o ABSOLUTE
    serial\serial.c                          0x00000000   Number         0  serial.o ABSOLUTE
    spi_flash.c                              0x00000000   Number         0  spi_flash.o ABSOLUTE
    timertest.c                              0x00000000   Number         0  timertest.o ABSOLUTE
    RESET                                    0x08000000   Section      236  stm32f10x.o(RESET)
    .ARM.Collect$$$$00000000                 0x080000ec   Section        0  entry.o(.ARM.Collect$$$$00000000)
    .ARM.Collect$$$$00000001                 0x080000ec   Section        4  entry2.o(.ARM.Collect$$$$00000001)
    .ARM.Collect$$$$00000004                 0x080000f0   Section        4  entry5.o(.ARM.Collect$$$$00000004)
    .ARM.Collect$$$$00000008                 0x080000f4   Section        0  entry7b.o(.ARM.Collect$$$$00000008)
    .ARM.Collect$$$$0000000A                 0x080000f4   Section        0  entry8b.o(.ARM.Collect$$$$0000000A)
    .ARM.Collect$$$$0000000B                 0x080000f4   Section        8  entry9a.o(.ARM.Collect$$$$0000000B)
    .ARM.Collect$$$$0000000E                 0x080000fc   Section        4  entry12b.o(.ARM.Collect$$$$0000000E)
    .ARM.Collect$$$$0000000F                 0x08000100   Section        0  entry10a.o(.ARM.Collect$$$$0000000F)
    .ARM.Collect$$$$00000011                 0x08000100   Section        0  entry11a.o(.ARM.Collect$$$$00000011)
    .ARM.Collect$$$$00002712                 0x08000100   Section        4  entry2.o(.ARM.Collect$$$$00002712)
    __lit__00000000                          0x08000100   Data           4  entry2.o(.ARM.Collect$$$$00002712)
    .emb_text                                0x08000104   Section      150  port.o(.emb_text)
    .text                                    0x0800019c   Section       28  stm32f10x.o(.text)
    .text                                    0x080001b8   Section      110  cortexm3_macro_rvds.o(.text)
    .text                                    0x08000228   Section        0  stm32f10x_usart.o(.text)
    .text                                    0x0800054c   Section        0  stm32f10x_gpio.o(.text)
    .text                                    0x0800082c   Section        0  stm32f10x_nvic.o(.text)
    .text                                    0x08000c0c   Section        0  stm32f10x_rcc.o(.text)
    .text                                    0x08000f88   Section        0  stm32f10x_systick.o(.text)
    .text                                    0x0800104c   Section        0  stm32f10x_tim.o(.text)
    TI1_Config                               0x080011a7   Thumb Code    56  stm32f10x_tim.o(.text)
    TI2_Config                               0x080011f9   Thumb Code    80  stm32f10x_tim.o(.text)
    PWMI_Config                              0x08001249   Thumb Code   124  stm32f10x_tim.o(.text)
    TI4_Config                               0x080012df   Thumb Code    82  stm32f10x_tim.o(.text)
    TI3_Config                               0x08001343   Thumb Code    66  stm32f10x_tim.o(.text)
    ETR_Config                               0x08001509   Thumb Code    26  stm32f10x_tim.o(.text)
    .text                                    0x080018b0   Section        0  partest.o(.text)
    .text                                    0x0800195c   Section        0  serial.o(.text)
    .text                                    0x08001be0   Section        0  timertest.o(.text)
    .text                                    0x08001cd8   Section        0  main.o(.text)
    prvSetupHardware                         0x08001cd9   Thumb Code   150  main.o(.text)
    .text                                    0x08001d8c   Section        0  tasks.o(.text)
    prvInitialiseTaskLists                   0x08001d8d   Thumb Code    70  tasks.o(.text)
    prvAddNewTaskToReadyList                 0x08001dd3   Thumb Code   200  tasks.o(.text)
    prvInitialiseNewTask                     0x08001e9b   Thumb Code   122  tasks.o(.text)
    prvDeleteTCB                             0x08001f7d   Thumb Code    18  tasks.o(.text)
    prvResetNextTaskUnblockTime              0x08001f8f   Thumb Code    40  tasks.o(.text)
    prvAddCurrentTaskToDelayedList           0x08002351   Thumb Code   164  tasks.o(.text)
    prvTaskIsTaskSuspended                   0x0800273d   Thumb Code    56  tasks.o(.text)
    prvCheckTasksWaitingTermination          0x080028cf   Thumb Code    60  tasks.o(.text)
    prvIdleTask                              0x0800290b   Thumb Code    32  tasks.o(.text)
    .text                                    0x0800331a   Section        0  list.o(.text)
    .text                                    0x080033b0   Section        0  queue.o(.text)
    prvInitialiseNewQueue                    0x0800344d   Thumb Code    38  queue.o(.text)
    prvUnlockQueue                           0x080034bf   Thumb Code   126  queue.o(.text)
    prvIsQueueFull                           0x0800353d   Thumb Code    30  queue.o(.text)
    prvCopyDataToQueue                       0x0800355b   Thumb Code   106  queue.o(.text)
    prvIsQueueEmpty                          0x080037f5   Thumb Code    30  queue.o(.text)
    prvCopyDataFromQueue                     0x08003813   Thumb Code    42  queue.o(.text)
    .text                                    0x08003c6c   Section        0  port.o(.text)
    prvTaskExitError                         0x08003c6d   Thumb Code    22  port.o(.text)
    .text                                    0x08003d5c   Section        0  heap_2.o(.text)
    prvHeapInit                              0x08003d5d   Thumb Code    42  heap_2.o(.text)
    .text                                    0x08003eec   Section        0  memcpya.o(.text)
    .text                                    0x08003f10   Section        0  memseta.o(.text)
    .text                                    0x08003f34   Section       36  init.o(.text)
    i.__0printf$bare                         0x08003f58   Section        0  printfb.o(i.__0printf$bare)
    i.__scatterload_copy                     0x08003f68   Section       14  handlers.o(i.__scatterload_copy)
    i.__scatterload_null                     0x08003f76   Section        2  handlers.o(i.__scatterload_null)
    i.__scatterload_zeroinit                 0x08003f78   Section       14  handlers.o(i.__scatterload_zeroinit)
    i._printf_core                           0x08003f86   Section        0  printfb.o(i._printf_core)
    _printf_core                             0x08003f87   Thumb Code    34  printfb.o(i._printf_core)
    .constdata                               0x08003fa8   Section       20  stm32f10x_rcc.o(.constdata)
    APBAHBPrescTable                         0x08003fa8   Data          16  stm32f10x_rcc.o(.constdata)
    ADCPrescTable                            0x08003fb8   Data           4  stm32f10x_rcc.o(.constdata)
    .constdata                               0x08003fbc   Section       16  stm32f10x_tim.o(.constdata)
    Tab_OCModeMask                           0x08003fbc   Data           8  stm32f10x_tim.o(.constdata)
    Tab_PolarityMask                         0x08003fc4   Data           8  stm32f10x_tim.o(.constdata)
    .data                                    0x20000000   Section        2  partest.o(.data)
    usOutputValue                            0x20000000   Data           2  partest.o(.data)
    .data                                    0x20000004   Section        8  serial.o(.data)
    xRxedChars                               0x20000004   Data           4  serial.o(.data)
    xCharsForTx                              0x20000008   Data           4  serial.o(.data)
    .data                                    0x2000000c   Section        8  timertest.o(.data)
    usLastCount                              0x2000000e   Data           2  timertest.o(.data)
    usSettleCount                            0x20000010   Data           2  timertest.o(.data)
    usMaxDifference                          0x20000012   Data           2  timertest.o(.data)
    .data                                    0x20000014   Section       64  tasks.o(.data)
    pxDelayedTaskList                        0x20000018   Data           4  tasks.o(.data)
    pxOverflowDelayedTaskList                0x2000001c   Data           4  tasks.o(.data)
    uxDeletedTasksWaitingCleanUp             0x20000020   Data           4  tasks.o(.data)
    uxCurrentNumberOfTasks                   0x20000024   Data           4  tasks.o(.data)
    xTickCount                               0x20000028   Data           4  tasks.o(.data)
    uxTopReadyPriority                       0x2000002c   Data           4  tasks.o(.data)
    xSchedulerRunning                        0x20000030   Data           4  tasks.o(.data)
    xPendedTicks                             0x20000034   Data           4  tasks.o(.data)
    xYieldPending                            0x20000038   Data           4  tasks.o(.data)
    xNumOfOverflows                          0x2000003c   Data           4  tasks.o(.data)
    uxTaskNumber                             0x20000040   Data           4  tasks.o(.data)
    xNextTaskUnblockTime                     0x20000044   Data           4  tasks.o(.data)
    xIdleTaskHandle                          0x20000048   Data           4  tasks.o(.data)
    uxSchedulerSuspended                     0x20000050   Data           4  tasks.o(.data)
    .data                                    0x20000054   Section        4  port.o(.data)
    uxCriticalNesting                        0x20000054   Data           4  port.o(.data)
    .data                                    0x20000058   Section       24  heap_2.o(.data)
    xStart                                   0x20000058   Data           8  heap_2.o(.data)
    xEnd                                     0x20000060   Data           8  heap_2.o(.data)
    xFreeBytesRemaining                      0x20000068   Data           4  heap_2.o(.data)
    xHeapHasBeenInitialised                  0x2000006c   Data           4  heap_2.o(.data)
    .data                                    0x20000070   Section        4  stdout.o(.data)
    .bss                                     0x20000074   Section      200  tasks.o(.bss)
    pxReadyTasksLists                        0x20000074   Data         100  tasks.o(.bss)
    xDelayedTaskList1                        0x200000d8   Data          20  tasks.o(.bss)
    xDelayedTaskList2                        0x200000ec   Data          20  tasks.o(.bss)
    xPendingReadyList                        0x20000100   Data          20  tasks.o(.bss)
    xTasksWaitingTermination                 0x20000114   Data          20  tasks.o(.bss)
    xSuspendedTaskList                       0x20000128   Data          20  tasks.o(.bss)
    .bss                                     0x2000013c   Section    17408  heap_2.o(.bss)
    ucHeap                                   0x2000013c   Data       17408  heap_2.o(.bss)
    STACK                                    0x20004540   Section      512  stm32f10x.o(STACK)

    Global Symbols

    Symbol Name                              Value     Ov Type        Size  Object(Section)

    BuildAttributes$$THM_ISAv4$P$D$K$B$S$PE$A:L22UL41UL21$X:L11$S22US41US21$IEEE1$IW$USESV6$~STKCKD$USESV7$~SHL$OSPACE$ROPI$EBA8$MICROLIB$REQ8$PRES8$EABIv2 0x00000000   Number         0  anon$$obj.o ABSOLUTE
    __ARM_use_no_argv                        0x00000000   Number         0  main.o ABSOLUTE
    __arm_fini_                               - Undefined Weak Reference
    __cpp_initialize__aeabi_                  - Undefined Weak Reference
    __cxa_finalize                            - Undefined Weak Reference
    __decompress                              - Undefined Weak Reference
    _clock_init                               - Undefined Weak Reference
    _microlib_exit                            - Undefined Weak Reference
    __Vectors                                0x08000000   Data           4  stm32f10x.o(RESET)
    __main                                   0x080000ed   Thumb Code     0  entry.o(.ARM.Collect$$$$00000000)
    _main_stk                                0x080000ed   Thumb Code     0  entry2.o(.ARM.Collect$$$$00000001)
    _main_scatterload                        0x080000f1   Thumb Code     0  entry5.o(.ARM.Collect$$$$00000004)
    __main_after_scatterload                 0x080000f5   Thumb Code     0  entry5.o(.ARM.Collect$$$$00000004)
    _main_clock                              0x080000f5   Thumb Code     0  entry7b.o(.ARM.Collect$$$$00000008)
    _main_cpp_init                           0x080000f5   Thumb Code     0  entry8b.o(.ARM.Collect$$$$0000000A)
    _main_init                               0x080000f5   Thumb Code     0  entry9a.o(.ARM.Collect$$$$0000000B)
    __rt_lib_shutdown_fini                   0x080000fd   Thumb Code     0  entry12b.o(.ARM.Collect$$$$0000000E)
    __rt_final_cpp                           0x08000101   Thumb Code     0  entry10a.o(.ARM.Collect$$$$0000000F)
    __rt_final_exit                          0x08000101   Thumb Code     0  entry11a.o(.ARM.Collect$$$$00000011)
    vPortSVCHandler                          0x08000105   Thumb Code    32  port.o(.emb_text)
    __asm___6_port_c_39a90d8d__prvStartFirstTask 0x08000129   Thumb Code    28  port.o(.emb_text)
    xPortPendSVHandler                       0x08000149   Thumb Code    72  port.o(.emb_text)
    vPortGetIPSR                             0x08000195   Thumb Code     6  port.o(.emb_text)
    Reset_Handler                            0x0800019d   Thumb Code     4  stm32f10x.o(.text)
    NMI_Handler                              0x080001a1   Thumb Code     2  stm32f10x.o(.text)
    HardFault_Handler                        0x080001a3   Thumb Code     2  stm32f10x.o(.text)
    MemManage_Handler                        0x080001a5   Thumb Code     2  stm32f10x.o(.text)
    BusFault_Handler                         0x080001a7   Thumb Code     2  stm32f10x.o(.text)
    UsageFault_Handler                       0x080001a9   Thumb Code     2  stm32f10x.o(.text)
    SVC_Handler                              0x080001ab   Thumb Code     2  stm32f10x.o(.text)
    DebugMon_Handler                         0x080001ad   Thumb Code     2  stm32f10x.o(.text)
    PendSV_Handler                           0x080001af   Thumb Code     2  stm32f10x.o(.text)
    SysTick_Handler                          0x080001b1   Thumb Code     2  stm32f10x.o(.text)
    ADC_IRQHandler                           0x080001b3   Thumb Code     0  stm32f10x.o(.text)
    CAN_RX1_IRQHandler                       0x080001b3   Thumb Code     0  stm32f10x.o(.text)
    CAN_SCE_IRQHandler                       0x080001b3   Thumb Code     0  stm32f10x.o(.text)
    DMAChannel1_IRQHandler                   0x080001b3   Thumb Code     0  stm32f10x.o(.text)
    DMAChannel2_IRQHandler                   0x080001b3   Thumb Code     0  stm32f10x.o(.text)
    DMAChannel3_IRQHandler                   0x080001b3   Thumb Code     0  stm32f10x.o(.text)
    DMAChannel4_IRQHandler                   0x080001b3   Thumb Code     0  stm32f10x.o(.text)
    DMAChannel5_IRQHandler                   0x080001b3   Thumb Code     0  stm32f10x.o(.text)
    DMAChannel6_IRQHandler                   0x080001b3   Thumb Code     0  stm32f10x.o(.text)
    DMAChannel7_IRQHandler                   0x080001b3   Thumb Code     0  stm32f10x.o(.text)
    EXTI0_IRQHandler                         0x080001b3   Thumb Code     0  stm32f10x.o(.text)
    EXTI15_10_IRQHandler                     0x080001b3   Thumb Code     0  stm32f10x.o(.text)
    EXTI1_IRQHandler                         0x080001b3   Thumb Code     0  stm32f10x.o(.text)
    EXTI2_IRQHandler                         0x080001b3   Thumb Code     0  stm32f10x.o(.text)
    EXTI3_IRQHandler                         0x080001b3   Thumb Code     0  stm32f10x.o(.text)
    EXTI4_IRQHandler                         0x080001b3   Thumb Code     0  stm32f10x.o(.text)
    EXTI9_5_IRQHandler                       0x080001b3   Thumb Code     0  stm32f10x.o(.text)
    FLASH_IRQHandler                         0x080001b3   Thumb Code     0  stm32f10x.o(.text)
    I2C1_ER_IRQHandler                       0x080001b3   Thumb Code     0  stm32f10x.o(.text)
    I2C1_EV_IRQHandler                       0x080001b3   Thumb Code     0  stm32f10x.o(.text)
    I2C2_ER_IRQHandler                       0x080001b3   Thumb Code     0  stm32f10x.o(.text)
    I2C2_EV_IRQHandler                       0x080001b3   Thumb Code     0  stm32f10x.o(.text)
    PVD_IRQHandler                           0x080001b3   Thumb Code     0  stm32f10x.o(.text)
    RCC_IRQHandler                           0x080001b3   Thumb Code     0  stm32f10x.o(.text)
    RTCAlarm_IRQHandler                      0x080001b3   Thumb Code     0  stm32f10x.o(.text)
    RTC_IRQHandler                           0x080001b3   Thumb Code     0  stm32f10x.o(.text)
    SPI1_IRQHandler                          0x080001b3   Thumb Code     0  stm32f10x.o(.text)
    SPI2_IRQHandler                          0x080001b3   Thumb Code     0  stm32f10x.o(.text)
    TAMPER_IRQHandler                        0x080001b3   Thumb Code     0  stm32f10x.o(.text)
    TIM1_BRK_IRQHandler                      0x080001b3   Thumb Code     0  stm32f10x.o(.text)
    TIM1_CC_IRQHandler                       0x080001b3   Thumb Code     0  stm32f10x.o(.text)
    TIM1_TRG_COM_IRQHandler                  0x080001b3   Thumb Code     0  stm32f10x.o(.text)
    TIM1_UP_IRQHandler                       0x080001b3   Thumb Code     0  stm32f10x.o(.text)
    TIM2_IRQHandler                          0x080001b3   Thumb Code     0  stm32f10x.o(.text)
    TIM3_IRQHandler                          0x080001b3   Thumb Code     0  stm32f10x.o(.text)
    TIM4_IRQHandler                          0x080001b3   Thumb Code     0  stm32f10x.o(.text)
    USART1_IRQHandler                        0x080001b3   Thumb Code     0  stm32f10x.o(.text)
    USART2_IRQHandler                        0x080001b3   Thumb Code     0  stm32f10x.o(.text)
    USART3_IRQHandler                        0x080001b3   Thumb Code     0  stm32f10x.o(.text)
    USBWakeUp_IRQHandler                     0x080001b3   Thumb Code     0  stm32f10x.o(.text)
    USB_HP_CAN_TX_IRQHandler                 0x080001b3   Thumb Code     0  stm32f10x.o(.text)
    USB_LP_CAN_RX0_IRQHandler                0x080001b3   Thumb Code     0  stm32f10x.o(.text)
    WWDG_IRQHandler                          0x080001b3   Thumb Code     0  stm32f10x.o(.text)
    __WFI                                    0x080001b9   Thumb Code     0  cortexm3_macro_rvds.o(.text)
    __WFE                                    0x080001bd   Thumb Code     0  cortexm3_macro_rvds.o(.text)
    __SEV                                    0x080001c1   Thumb Code     0  cortexm3_macro_rvds.o(.text)
    __ISB                                    0x080001c5   Thumb Code     0  cortexm3_macro_rvds.o(.text)
    __DSB                                    0x080001cb   Thumb Code     0  cortexm3_macro_rvds.o(.text)
    __DMB                                    0x080001d1   Thumb Code     0  cortexm3_macro_rvds.o(.text)
    __SVC                                    0x080001d7   Thumb Code     0  cortexm3_macro_rvds.o(.text)
    __MRS_CONTROL                            0x080001db   Thumb Code     0  cortexm3_macro_rvds.o(.text)
    __MSR_CONTROL                            0x080001e1   Thumb Code     0  cortexm3_macro_rvds.o(.text)
    __MRS_PSP                                0x080001eb   Thumb Code     0  cortexm3_macro_rvds.o(.text)
    __MSR_PSP                                0x080001f1   Thumb Code     0  cortexm3_macro_rvds.o(.text)
    __MRS_MSP                                0x080001f7   Thumb Code     0  cortexm3_macro_rvds.o(.text)
    __MSR_MSP                                0x080001fd   Thumb Code     0  cortexm3_macro_rvds.o(.text)
    __SETPRIMASK                             0x08000203   Thumb Code     0  cortexm3_macro_rvds.o(.text)
    __RESETPRIMASK                           0x08000207   Thumb Code     0  cortexm3_macro_rvds.o(.text)
    __SETFAULTMASK                           0x0800020b   Thumb Code     0  cortexm3_macro_rvds.o(.text)
    __RESETFAULTMASK                         0x0800020f   Thumb Code     0  cortexm3_macro_rvds.o(.text)
    __BASEPRICONFIG                          0x08000213   Thumb Code     0  cortexm3_macro_rvds.o(.text)
    __GetBASEPRI                             0x08000219   Thumb Code     0  cortexm3_macro_rvds.o(.text)
    __REV_HalfWord                           0x0800021f   Thumb Code     0  cortexm3_macro_rvds.o(.text)
    __REV_Word                               0x08000223   Thumb Code     0  cortexm3_macro_rvds.o(.text)
    USART_DeInit                             0x08000229   Thumb Code    88  stm32f10x_usart.o(.text)
    USART_Init                               0x08000281   Thumb Code   168  stm32f10x_usart.o(.text)
    USART_StructInit                         0x08000329   Thumb Code    32  stm32f10x_usart.o(.text)
    USART_Cmd                                0x08000349   Thumb Code    24  stm32f10x_usart.o(.text)
    USART_ITConfig                           0x08000361   Thumb Code    64  stm32f10x_usart.o(.text)
    USART_DMACmd                             0x080003a1   Thumb Code    18  stm32f10x_usart.o(.text)
    USART_SetAddress                         0x080003b3   Thumb Code    18  stm32f10x_usart.o(.text)
    USART_WakeUpConfig                       0x080003c5   Thumb Code    18  stm32f10x_usart.o(.text)
    USART_ReceiverWakeUpCmd                  0x080003d7   Thumb Code    24  stm32f10x_usart.o(.text)
    USART_LINBreakDetectLengthConfig         0x080003ef   Thumb Code    18  stm32f10x_usart.o(.text)
    USART_LINCmd                             0x08000401   Thumb Code    24  stm32f10x_usart.o(.text)
    USART_SendData                           0x08000419   Thumb Code     8  stm32f10x_usart.o(.text)
    USART_ReceiveData                        0x08000421   Thumb Code    10  stm32f10x_usart.o(.text)
    USART_SendBreak                          0x0800042b   Thumb Code    10  stm32f10x_usart.o(.text)
    USART_SetGuardTime                       0x08000435   Thumb Code    16  stm32f10x_usart.o(.text)
    USART_SetPrescaler                       0x08000445   Thumb Code    16  stm32f10x_usart.o(.text)
    USART_SmartCardCmd                       0x08000455   Thumb Code    24  stm32f10x_usart.o(.text)
    USART_SmartCardNACKCmd                   0x0800046d   Thumb Code    24  stm32f10x_usart.o(.text)
    USART_HalfDuplexCmd                      0x08000485   Thumb Code    24  stm32f10x_usart.o(.text)
    USART_IrDAConfig                         0x0800049d   Thumb Code    18  stm32f10x_usart.o(.text)
    USART_IrDACmd                            0x080004af   Thumb Code    24  stm32f10x_usart.o(.text)
    USART_GetFlagStatus                      0x080004c7   Thumb Code    18  stm32f10x_usart.o(.text)
    USART_ClearFlag                          0x080004d9   Thumb Code     8  stm32f10x_usart.o(.text)
    USART_GetITStatus                        0x080004e1   Thumb Code    76  stm32f10x_usart.o(.text)
    USART_ClearITPendingBit                  0x0800052d   Thumb Code    22  stm32f10x_usart.o(.text)
    GPIO_DeInit                              0x0800054d   Thumb Code   138  stm32f10x_gpio.o(.text)
    GPIO_AFIODeInit                          0x080005d7   Thumb Code    20  stm32f10x_gpio.o(.text)
    GPIO_Init                                0x080005eb   Thumb Code   278  stm32f10x_gpio.o(.text)
    GPIO_StructInit                          0x08000701   Thumb Code    16  stm32f10x_gpio.o(.text)
    GPIO_ReadInputDataBit                    0x08000711   Thumb Code    18  stm32f10x_gpio.o(.text)
    GPIO_ReadInputData                       0x08000723   Thumb Code     8  stm32f10x_gpio.o(.text)
    GPIO_ReadOutputDataBit                   0x0800072b   Thumb Code    18  stm32f10x_gpio.o(.text)
    GPIO_ReadOutputData                      0x0800073d   Thumb Code     8  stm32f10x_gpio.o(.text)
    GPIO_WriteBit                            0x08000745   Thumb Code    10  stm32f10x_gpio.o(.text)
    GPIO_Write                               0x0800074f   Thumb Code     4  stm32f10x_gpio.o(.text)
    GPIO_PinLockConfig                       0x08000753   Thumb Code    18  stm32f10x_gpio.o(.text)
    GPIO_EventOutputConfig                   0x08000765   Thumb Code    26  stm32f10x_gpio.o(.text)
    GPIO_EventOutputCmd                      0x0800077f   Thumb Code     6  stm32f10x_gpio.o(.text)
    GPIO_PinRemapConfig                      0x08000785   Thumb Code    86  stm32f10x_gpio.o(.text)
    GPIO_EXTILineConfig                      0x080007db   Thumb Code    66  stm32f10x_gpio.o(.text)
    NVIC_DeInit                              0x0800082d   Thumb Code    54  stm32f10x_nvic.o(.text)
    NVIC_SCBDeInit                           0x08000863   Thumb Code    76  stm32f10x_nvic.o(.text)
    NVIC_PriorityGroupConfig                 0x080008af   Thumb Code    12  stm32f10x_nvic.o(.text)
    NVIC_Init                                0x080008bb   Thumb Code   152  stm32f10x_nvic.o(.text)
    NVIC_StructInit                          0x08000953   Thumb Code    12  stm32f10x_nvic.o(.text)
    NVIC_SETPRIMASK                          0x0800095f   Thumb Code     8  stm32f10x_nvic.o(.text)
    NVIC_RESETPRIMASK                        0x08000967   Thumb Code     8  stm32f10x_nvic.o(.text)
    NVIC_SETFAULTMASK                        0x0800096f   Thumb Code     8  stm32f10x_nvic.o(.text)
    NVIC_RESETFAULTMASK                      0x08000977   Thumb Code     8  stm32f10x_nvic.o(.text)
    NVIC_BASEPRICONFIG                       0x0800097f   Thumb Code    12  stm32f10x_nvic.o(.text)
    NVIC_GetBASEPRI                          0x0800098b   Thumb Code     8  stm32f10x_nvic.o(.text)
    NVIC_GetCurrentPendingIRQChannel         0x08000993   Thumb Code    10  stm32f10x_nvic.o(.text)
    NVIC_GetIRQChannelPendingBitStatus       0x0800099d   Thumb Code    42  stm32f10x_nvic.o(.text)
    NVIC_SetIRQChannelPendingBit             0x080009c7   Thumb Code     6  stm32f10x_nvic.o(.text)
    NVIC_ClearIRQChannelPendingBit           0x080009cd   Thumb Code    20  stm32f10x_nvic.o(.text)
    NVIC_GetCurrentActiveHandler             0x080009e1   Thumb Code    10  stm32f10x_nvic.o(.text)
    NVIC_GetIRQChannelActiveBitStatus        0x080009eb   Thumb Code    42  stm32f10x_nvic.o(.text)
    NVIC_GetCPUID                            0x08000a15   Thumb Code     8  stm32f10x_nvic.o(.text)
    NVIC_SetVectorTable                      0x08000a1d   Thumb Code    22  stm32f10x_nvic.o(.text)
    NVIC_GenerateSystemReset                 0x08000a33   Thumb Code    12  stm32f10x_nvic.o(.text)
    NVIC_GenerateCoreReset                   0x08000a3f   Thumb Code    12  stm32f10x_nvic.o(.text)
    NVIC_SystemLPConfig                      0x08000a4b   Thumb Code    34  stm32f10x_nvic.o(.text)
    NVIC_SystemHandlerConfig                 0x08000a6d   Thumb Code    48  stm32f10x_nvic.o(.text)
    NVIC_SystemHandlerPriorityConfig         0x08000a9d   Thumb Code   110  stm32f10x_nvic.o(.text)
    NVIC_GetSystemHandlerPendingBitStatus    0x08000b0b   Thumb Code    44  stm32f10x_nvic.o(.text)
    NVIC_SetSystemHandlerPendingBit          0x08000b37   Thumb Code    22  stm32f10x_nvic.o(.text)
    NVIC_ClearSystemHandlerPendingBit        0x08000b4d   Thumb Code    26  stm32f10x_nvic.o(.text)
    NVIC_GetSystemHandlerActiveBitStatus     0x08000b67   Thumb Code    42  stm32f10x_nvic.o(.text)
    NVIC_GetFaultHandlerSources              0x08000b91   Thumb Code    66  stm32f10x_nvic.o(.text)
    NVIC_GetFaultAddress                     0x08000bd3   Thumb Code    28  stm32f10x_nvic.o(.text)
    RCC_DeInit                               0x08000c0d   Thumb Code    78  stm32f10x_rcc.o(.text)
    RCC_HSEConfig                            0x08000c5b   Thumb Code    70  stm32f10x_rcc.o(.text)
    RCC_AdjustHSICalibrationValue            0x08000ca1   Thumb Code    20  stm32f10x_rcc.o(.text)
    RCC_HSICmd                               0x08000cb5   Thumb Code     6  stm32f10x_rcc.o(.text)
    RCC_PLLConfig                            0x08000cbb   Thumb Code    24  stm32f10x_rcc.o(.text)
    RCC_PLLCmd                               0x08000cd3   Thumb Code     6  stm32f10x_rcc.o(.text)
    RCC_SYSCLKConfig                         0x08000cd9   Thumb Code    18  stm32f10x_rcc.o(.text)
    RCC_GetSYSCLKSource                      0x08000ceb   Thumb Code    10  stm32f10x_rcc.o(.text)
    RCC_HCLKConfig                           0x08000cf5   Thumb Code    18  stm32f10x_rcc.o(.text)
    RCC_PCLK1Config                          0x08000d07   Thumb Code    18  stm32f10x_rcc.o(.text)
    RCC_PCLK2Config                          0x08000d19   Thumb Code    20  stm32f10x_rcc.o(.text)
    RCC_ITConfig                             0x08000d2d   Thumb Code    26  stm32f10x_rcc.o(.text)
    RCC_USBCLKConfig                         0x08000d47   Thumb Code     8  stm32f10x_rcc.o(.text)
    RCC_ADCCLKConfig                         0x08000d4f   Thumb Code    18  stm32f10x_rcc.o(.text)
    RCC_LSEConfig                            0x08000d61   Thumb Code    50  stm32f10x_rcc.o(.text)
    RCC_LSICmd                               0x08000d93   Thumb Code     6  stm32f10x_rcc.o(.text)
    RCC_RTCCLKConfig                         0x08000d99   Thumb Code    12  stm32f10x_rcc.o(.text)
    RCC_RTCCLKCmd                            0x08000da5   Thumb Code     8  stm32f10x_rcc.o(.text)
    RCC_GetClocksFreq                        0x08000dad   Thumb Code   192  stm32f10x_rcc.o(.text)
    RCC_AHBPeriphClockCmd                    0x08000e6d   Thumb Code    26  stm32f10x_rcc.o(.text)
    RCC_APB2PeriphClockCmd                   0x08000e87   Thumb Code    26  stm32f10x_rcc.o(.text)
    RCC_APB1PeriphClockCmd                   0x08000ea1   Thumb Code    26  stm32f10x_rcc.o(.text)
    RCC_APB2PeriphResetCmd                   0x08000ebb   Thumb Code    26  stm32f10x_rcc.o(.text)
    RCC_APB1PeriphResetCmd                   0x08000ed5   Thumb Code    26  stm32f10x_rcc.o(.text)
    RCC_BackupResetCmd                       0x08000eef   Thumb Code     8  stm32f10x_rcc.o(.text)
    RCC_ClockSecuritySystemCmd               0x08000ef7   Thumb Code     6  stm32f10x_rcc.o(.text)
    RCC_MCOConfig                            0x08000efd   Thumb Code     6  stm32f10x_rcc.o(.text)
    RCC_GetFlagStatus                        0x08000f03   Thumb Code    56  stm32f10x_rcc.o(.text)
    RCC_ClearFlag                            0x08000f3b   Thumb Code    14  stm32f10x_rcc.o(.text)
    RCC_GetITStatus                          0x08000f49   Thumb Code    20  stm32f10x_rcc.o(.text)
    RCC_ClearITPendingBit                    0x08000f5d   Thumb Code     6  stm32f10x_rcc.o(.text)
    SysTick_CLKSourceConfig                  0x08000f89   Thumb Code    40  stm32f10x_systick.o(.text)
    SysTick_SetReload                        0x08000fb1   Thumb Code     8  stm32f10x_systick.o(.text)
    SysTick_CounterCmd                       0x08000fb9   Thumb Code    52  stm32f10x_systick.o(.text)
    SysTick_ITConfig                         0x08000fed   Thumb Code    38  stm32f10x_systick.o(.text)
    SysTick_GetCounter                       0x08001013   Thumb Code     8  stm32f10x_systick.o(.text)
    SysTick_GetFlagStatus                    0x0800101b   Thumb Code    50  stm32f10x_systick.o(.text)
    TIM_DeInit                               0x0800104d   Thumb Code    84  stm32f10x_tim.o(.text)
    TIM_TimeBaseInit                         0x080010a1   Thumb Code    30  stm32f10x_tim.o(.text)
    TIM_OCInit                               0x080010bf   Thumb Code   214  stm32f10x_tim.o(.text)
    TIM_SetIC1Prescaler                      0x08001195   Thumb Code    18  stm32f10x_tim.o(.text)
    TIM_SetIC2Prescaler                      0x080011df   Thumb Code    26  stm32f10x_tim.o(.text)
    TIM_SetIC4Prescaler                      0x080012c5   Thumb Code    26  stm32f10x_tim.o(.text)
    TIM_SetIC3Prescaler                      0x08001331   Thumb Code    18  stm32f10x_tim.o(.text)
    TIM_ICInit                               0x08001385   Thumb Code   126  stm32f10x_tim.o(.text)
    TIM_TimeBaseStructInit                   0x08001403   Thumb Code    12  stm32f10x_tim.o(.text)
    TIM_OCStructInit                         0x0800140f   Thumb Code    12  stm32f10x_tim.o(.text)
    TIM_ICStructInit                         0x0800141b   Thumb Code    34  stm32f10x_tim.o(.text)
    TIM_Cmd                                  0x0800143d   Thumb Code    24  stm32f10x_tim.o(.text)
    TIM_ITConfig                             0x08001455   Thumb Code    18  stm32f10x_tim.o(.text)
    TIM_DMAConfig                            0x08001467   Thumb Code    22  stm32f10x_tim.o(.text)
    TIM_DMACmd                               0x0800147d   Thumb Code    24  stm32f10x_tim.o(.text)
    TIM_InternalClockConfig                  0x08001495   Thumb Code    12  stm32f10x_tim.o(.text)
    TIM_SelectInputTrigger                   0x080014a1   Thumb Code    18  stm32f10x_tim.o(.text)
    TIM_ITRxExternalClockConfig              0x080014b3   Thumb Code    24  stm32f10x_tim.o(.text)
    TIM_TIxExternalClockConfig               0x080014cb   Thumb Code    62  stm32f10x_tim.o(.text)
    TIM_ETRClockMode1Config                  0x08001523   Thumb Code    64  stm32f10x_tim.o(.text)
    TIM_ETRClockMode2Config                  0x08001563   Thumb Code    36  stm32f10x_tim.o(.text)
    TIM_PrescalerConfig                      0x08001587   Thumb Code    26  stm32f10x_tim.o(.text)
    TIM_CounterModeConfig                    0x080015a1   Thumb Code    18  stm32f10x_tim.o(.text)
    TIM_ForcedOC1Config                      0x080015b3   Thumb Code    18  stm32f10x_tim.o(.text)
    TIM_ForcedOC2Config                      0x080015c5   Thumb Code    26  stm32f10x_tim.o(.text)
    TIM_ForcedOC3Config                      0x080015df   Thumb Code    18  stm32f10x_tim.o(.text)
    TIM_ForcedOC4Config                      0x080015f1   Thumb Code    26  stm32f10x_tim.o(.text)
    TIM_ARRPreloadConfig                     0x0800160b   Thumb Code    24  stm32f10x_tim.o(.text)
    TIM_SelectCCDMA                          0x08001623   Thumb Code    22  stm32f10x_tim.o(.text)
    TIM_OC1PreloadConfig                     0x08001639   Thumb Code    18  stm32f10x_tim.o(.text)
    TIM_OC2PreloadConfig                     0x0800164b   Thumb Code    26  stm32f10x_tim.o(.text)
    TIM_OC3PreloadConfig                     0x08001665   Thumb Code    18  stm32f10x_tim.o(.text)
    TIM_OC4PreloadConfig                     0x08001677   Thumb Code    26  stm32f10x_tim.o(.text)
    TIM_OC1FastConfig                        0x08001691   Thumb Code    18  stm32f10x_tim.o(.text)
    TIM_OC2FastConfig                        0x080016a3   Thumb Code    26  stm32f10x_tim.o(.text)
    TIM_OC3FastConfig                        0x080016bd   Thumb Code    18  stm32f10x_tim.o(.text)
    TIM_OC4FastConfig                        0x080016cf   Thumb Code    26  stm32f10x_tim.o(.text)
    TIM_UpdateDisableConfig                  0x080016e9   Thumb Code    24  stm32f10x_tim.o(.text)
    TIM_EncoderInterfaceConfig               0x08001701   Thumb Code    66  stm32f10x_tim.o(.text)
    TIM_GenerateEvent                        0x08001743   Thumb Code     8  stm32f10x_tim.o(.text)
    TIM_OC1PolarityConfig                    0x0800174b   Thumb Code    18  stm32f10x_tim.o(.text)
    TIM_OC2PolarityConfig                    0x0800175d   Thumb Code    26  stm32f10x_tim.o(.text)
    TIM_OC3PolarityConfig                    0x08001777   Thumb Code    26  stm32f10x_tim.o(.text)
    TIM_OC4PolarityConfig                    0x08001791   Thumb Code    26  stm32f10x_tim.o(.text)
    TIM_UpdateRequestConfig                  0x080017ab   Thumb Code    26  stm32f10x_tim.o(.text)
    TIM_SelectHallSensor                     0x080017c5   Thumb Code    24  stm32f10x_tim.o(.text)
    TIM_SelectOnePulseMode                   0x080017dd   Thumb Code    18  stm32f10x_tim.o(.text)
    TIM_SelectOutputTrigger                  0x080017ef   Thumb Code    16  stm32f10x_tim.o(.text)
    TIM_SelectSlaveMode                      0x080017ff   Thumb Code    18  stm32f10x_tim.o(.text)
    TIM_SelectMasterSlaveMode                0x08001811   Thumb Code    18  stm32f10x_tim.o(.text)
    TIM_SetAutoreload                        0x08001823   Thumb Code     4  stm32f10x_tim.o(.text)
    TIM_SetCompare1                          0x08001827   Thumb Code     4  stm32f10x_tim.o(.text)
    TIM_SetCompare2                          0x0800182b   Thumb Code     4  stm32f10x_tim.o(.text)
    TIM_SetCompare3                          0x0800182f   Thumb Code     4  stm32f10x_tim.o(.text)
    TIM_SetCompare4                          0x08001833   Thumb Code     6  stm32f10x_tim.o(.text)
    TIM_SetClockDivision                     0x08001839   Thumb Code    14  stm32f10x_tim.o(.text)
    TIM_GetCapture1                          0x08001847   Thumb Code     6  stm32f10x_tim.o(.text)
    TIM_GetCapture2                          0x0800184d   Thumb Code     6  stm32f10x_tim.o(.text)
    TIM_GetCapture3                          0x08001853   Thumb Code     6  stm32f10x_tim.o(.text)
    TIM_GetCapture4                          0x08001859   Thumb Code     8  stm32f10x_tim.o(.text)
    TIM_GetCounter                           0x08001861   Thumb Code     6  stm32f10x_tim.o(.text)
    TIM_GetPrescaler                         0x08001867   Thumb Code     6  stm32f10x_tim.o(.text)
    TIM_GetFlagStatus                        0x0800186d   Thumb Code    18  stm32f10x_tim.o(.text)
    TIM_ClearFlag                            0x0800187f   Thumb Code     8  stm32f10x_tim.o(.text)
    TIM_GetITStatus                          0x08001887   Thumb Code    34  stm32f10x_tim.o(.text)
    TIM_ClearITPendingBit                    0x080018a9   Thumb Code     8  stm32f10x_tim.o(.text)
    vParTestInitialise                       0x080018b1   Thumb Code    32  partest.o(.text)
    vParTestSetLED                           0x080018d1   Thumb Code    66  partest.o(.text)
    vParTestToggleLED                        0x08001913   Thumb Code    64  partest.o(.text)
    SerialPortInit                           0x0800195d   Thumb Code   136  serial.o(.text)
    fputc                                    0x080019e5   Thumb Code    18  serial.o(.text)
    xSerialPortInitMinimal                   0x080019f7   Thumb Code   230  serial.o(.text)
    xSerialGetChar                           0x08001add   Thumb Code    30  serial.o(.text)
    xSerialPutChar                           0x08001afb   Thumb Code    46  serial.o(.text)
    vSerialPutString                         0x08001b29   Thumb Code    38  serial.o(.text)
    vSerialClose                             0x08001b4f   Thumb Code     2  serial.o(.text)
    vUARTInterruptHandler                    0x08001b51   Thumb Code   124  serial.o(.text)
    vSetupTimerTest                          0x08001be1   Thumb Code   156  timertest.o(.text)
    vTimer2IntHandler                        0x08001c7d   Thumb Code    72  timertest.o(.text)
    main                                     0x08001d6f   Thumb Code    20  main.o(.text)
    xTaskCreate                              0x08001f15   Thumb Code   104  tasks.o(.text)
    vTaskDelete                              0x08001fb7   Thumb Code   174  tasks.o(.text)
    xTaskIncrementTick                       0x08002065   Thumb Code   438  tasks.o(.text)
    xTaskResumeAll                           0x0800221b   Thumb Code   310  tasks.o(.text)
    vTaskSuspendAll                          0x080023f5   Thumb Code    12  tasks.o(.text)
    xTaskDelayUntil                          0x08002401   Thumb Code   108  tasks.o(.text)
    vTaskDelay                               0x0800246d   Thumb Code    46  tasks.o(.text)
    uxTaskPriorityGet                        0x0800249b   Thumb Code    30  tasks.o(.text)
    uxTaskPriorityGetFromISR                 0x080024b9   Thumb Code    52  tasks.o(.text)
    vTaskPrioritySet                         0x080024ed   Thumb Code   328  tasks.o(.text)
    vTaskSwitchContext                       0x08002635   Thumb Code    76  tasks.o(.text)
    vTaskSuspend                             0x08002681   Thumb Code   188  tasks.o(.text)
    vTaskResume                              0x08002775   Thumb Code   156  tasks.o(.text)
    xTaskResumeFromISR                       0x08002811   Thumb Code   190  tasks.o(.text)
    vTaskStartScheduler                      0x0800292b   Thumb Code    76  tasks.o(.text)
    vTaskEndScheduler                        0x08002977   Thumb Code    32  tasks.o(.text)
    xTaskGetTickCount                        0x08002997   Thumb Code     6  tasks.o(.text)
    xTaskGetTickCountFromISR                 0x0800299d   Thumb Code     8  tasks.o(.text)
    uxTaskGetNumberOfTasks                   0x080029a5   Thumb Code     6  tasks.o(.text)
    pcTaskGetName                            0x080029ab   Thumb Code    20  tasks.o(.text)
    xTaskCatchUpTicks                        0x080029bf   Thumb Code    36  tasks.o(.text)
    vTaskPlaceOnEventList                    0x080029e3   Thumb Code   110  tasks.o(.text)
    vTaskPlaceOnUnorderedEventList           0x08002a51   Thumb Code    74  tasks.o(.text)
    xTaskRemoveFromEventList                 0x08002a9b   Thumb Code   240  tasks.o(.text)
    vTaskRemoveFromUnorderedEventList        0x08002b8b   Thumb Code   190  tasks.o(.text)
    vTaskSetTimeOutState                     0x08002c49   Thumb Code    26  tasks.o(.text)
    vTaskInternalSetTimeOutState             0x08002c63   Thumb Code    14  tasks.o(.text)
    xTaskCheckForTimeOut                     0x08002c71   Thumb Code    88  tasks.o(.text)
    vTaskMissedYield                         0x08002cc9   Thumb Code     8  tasks.o(.text)
    xTaskGetCurrentTaskHandle                0x08002cd1   Thumb Code     6  tasks.o(.text)
    uxTaskResetEventItemValue                0x08002cd7   Thumb Code    24  tasks.o(.text)
    ulTaskGenericNotifyTake                  0x08002cef   Thumb Code   128  tasks.o(.text)
    xTaskGenericNotifyWait                   0x08002d6f   Thumb Code   164  tasks.o(.text)
    xTaskGenericNotify                       0x08002e13   Thumb Code   352  tasks.o(.text)
    xTaskGenericNotifyFromISR                0x08002f73   Thumb Code   480  tasks.o(.text)
    vTaskGenericNotifyGiveFromISR            0x08003153   Thumb Code   310  tasks.o(.text)
    xTaskGenericNotifyStateClear             0x08003289   Thumb Code    58  tasks.o(.text)
    ulTaskGenericNotifyValueClear            0x080032c3   Thumb Code    88  tasks.o(.text)
    vListInitialise                          0x0800331b   Thumb Code    26  list.o(.text)
    vListInitialiseItem                      0x08003335   Thumb Code     6  list.o(.text)
    vListInsertEnd                           0x0800333b   Thumb Code    24  list.o(.text)
    vListInsert                              0x08003353   Thumb Code    52  list.o(.text)
    uxListRemove                             0x08003387   Thumb Code    40  list.o(.text)
    xQueueGenericReset                       0x080033b1   Thumb Code   156  queue.o(.text)
    xQueueGenericCreate                      0x08003473   Thumb Code    76  queue.o(.text)
    xQueueGenericSend                        0x080035c5   Thumb Code   276  queue.o(.text)
    xQueueGenericSendFromISR                 0x080036d9   Thumb Code   152  queue.o(.text)
    xQueueGiveFromISR                        0x08003771   Thumb Code   132  queue.o(.text)
    xQueueReceive                            0x0800383d   Thumb Code   256  queue.o(.text)
    xQueueSemaphoreTake                      0x0800393d   Thumb Code   234  queue.o(.text)
    xQueuePeek                               0x08003a27   Thumb Code   262  queue.o(.text)
    xQueueReceiveFromISR                     0x08003b2d   Thumb Code   140  queue.o(.text)
    xQueuePeekFromISR                        0x08003bb9   Thumb Code    74  queue.o(.text)
    uxQueueMessagesWaiting                   0x08003c03   Thumb Code    18  queue.o(.text)
    uxQueueSpacesAvailable                   0x08003c15   Thumb Code    24  queue.o(.text)
    uxQueueMessagesWaitingFromISR            0x08003c2d   Thumb Code     8  queue.o(.text)
    vQueueDelete                             0x08003c35   Thumb Code    14  queue.o(.text)
    xQueueIsQueueEmptyFromISR                0x08003c43   Thumb Code    16  queue.o(.text)
    xQueueIsQueueFullFromISR                 0x08003c53   Thumb Code    26  queue.o(.text)
    pxPortInitialiseStack                    0x08003c83   Thumb Code    30  port.o(.text)
    vPortSetupTimerInterrupt                 0x08003ca1   Thumb Code    20  port.o(.text)
    xPortStartScheduler                      0x08003cb5   Thumb Code    42  port.o(.text)
    vPortEndScheduler                        0x08003cdf   Thumb Code     2  port.o(.text)
    vPortEnterCritical                       0x08003ce1   Thumb Code    30  port.o(.text)
    vPortExitCritical                        0x08003cff   Thumb Code    28  port.o(.text)
    xPortSysTickHandler                      0x08003d1b   Thumb Code    48  port.o(.text)
    pvPortMalloc                             0x08003d87   Thumb Code   200  heap_2.o(.text)
    vPortFree                                0x08003e4f   Thumb Code    74  heap_2.o(.text)
    xPortGetFreeHeapSize                     0x08003e99   Thumb Code     6  heap_2.o(.text)
    vPortInitialiseBlocks                    0x08003e9f   Thumb Code     2  heap_2.o(.text)
    pvPortCalloc                             0x08003ea1   Thumb Code    54  heap_2.o(.text)
    __aeabi_memcpy                           0x08003eed   Thumb Code    36  memcpya.o(.text)
    __aeabi_memcpy4                          0x08003eed   Thumb Code     0  memcpya.o(.text)
    __aeabi_memcpy8                          0x08003eed   Thumb Code     0  memcpya.o(.text)
    __aeabi_memset                           0x08003f11   Thumb Code    14  memseta.o(.text)
    __aeabi_memset4                          0x08003f11   Thumb Code     0  memseta.o(.text)
    __aeabi_memset8                          0x08003f11   Thumb Code     0  memseta.o(.text)
    __aeabi_memclr                           0x08003f1f   Thumb Code     4  memseta.o(.text)
    __aeabi_memclr4                          0x08003f1f   Thumb Code     0  memseta.o(.text)
    __aeabi_memclr8                          0x08003f1f   Thumb Code     0  memseta.o(.text)
    _memset$wrapper                          0x08003f23   Thumb Code    18  memseta.o(.text)
    __scatterload                            0x08003f35   Thumb Code    28  init.o(.text)
    __scatterload_rt2                        0x08003f35   Thumb Code     0  init.o(.text)
    __0printf$bare                           0x08003f59   Thumb Code     8  printfb.o(i.__0printf$bare)
    __1printf$bare                           0x08003f59   Thumb Code     0  printfb.o(i.__0printf$bare)
    __2printf                                0x08003f59   Thumb Code     0  printfb.o(i.__0printf$bare)
    __scatterload_copy                       0x08003f69   Thumb Code    14  handlers.o(i.__scatterload_copy)
    __scatterload_null                       0x08003f77   Thumb Code     2  handlers.o(i.__scatterload_null)
    __scatterload_zeroinit                   0x08003f79   Thumb Code    14  handlers.o(i.__scatterload_zeroinit)
    Region$$Table$$Base                      0x08003fcc   Number         0  anon$$obj.o(Region$$Table)
    Region$$Table$$Limit                     0x08003fec   Number         0  anon$$obj.o(Region$$Table)
    usMaxJitter                              0x2000000c   Data           2  timertest.o(.data)
    pxCurrentTCB                             0x20000014   Data           4  tasks.o(.data)
    uxTopUsedPriority                        0x2000004c   Data           4  tasks.o(.data)
    __stdout                                 0x20000070   Data           4  stdout.o(.data)
    __initial_sp                             0x20004740   Data           0  stm32f10x.o(STACK)



==============================================================================

Memory Map of the image

  Image Entry point : 0x080000ed

  Load Region LR_IROM1 (Base: 0x08000000, Size: 0x00004060, Max: 0x00020000, ABSOLUTE)

    Execution Region ER_IROM1 (Exec base: 0x08000000, Load base: 0x08000000, Size: 0x00003fec, Max: 0x00020000, ABSOLUTE)

    Exec Addr    Load Addr    Size         Type   Attr      Idx    E Section Name        Object

    0x08000000   0x08000000   0x000000ec   Data   RO            3    RESET               stm32f10x.o
    0x080000ec   0x080000ec   0x00000000   Code   RO          580  * .ARM.Collect$$$$00000000  mc_w.l(entry.o)
    0x080000ec   0x080000ec   0x00000004   Code   RO          849    .ARM.Collect$$$$00000001  mc_w.l(entry2.o)
    0x080000f0   0x080000f0   0x00000004   Code   RO          852    .ARM.Collect$$$$00000004  mc_w.l(entry5.o)
    0x080000f4   0x080000f4   0x00000000   Code   RO          854    .ARM.Collect$$$$00000008  mc_w.l(entry7b.o)
    0x080000f4   0x080000f4   0x00000000   Code   RO          856    .ARM.Collect$$$$0000000A  mc_w.l(entry8b.o)
    0x080000f4   0x080000f4   0x00000008   Code   RO          857    .ARM.Collect$$$$0000000B  mc_w.l(entry9a.o)
    0x080000fc   0x080000fc   0x00000004   Code   RO          864    .ARM.Collect$$$$0000000E  mc_w.l(entry12b.o)
    0x08000100   0x08000100   0x00000000   Code   RO          859    .ARM.Collect$$$$0000000F  mc_w.l(entry10a.o)
    0x08000100   0x08000100   0x00000000   Code   RO          861    .ARM.Collect$$$$00000011  mc_w.l(entry11a.o)
    0x08000100   0x08000100   0x00000004   Code   RO          850    .ARM.Collect$$$$00002712  mc_w.l(entry2.o)
    0x08000104   0x08000104   0x00000096   Code   RO          535    .emb_text           port.o
    0x0800019a   0x0800019a   0x00000002   PAD
    0x0800019c   0x0800019c   0x0000001c   Code   RO            4    .text               stm32f10x.o
    0x080001b8   0x080001b8   0x0000006e   Code   RO          102    .text               cortexm3_macro_rvds.o
    0x08000226   0x08000226   0x00000002   PAD
    0x08000228   0x08000228   0x00000324   Code   RO          105    .text               stm32f10x_usart.o
    0x0800054c   0x0800054c   0x000002e0   Code   RO          117    .text               stm32f10x_gpio.o
    0x0800082c   0x0800082c   0x000003e0   Code   RO          138    .text               stm32f10x_nvic.o
    0x08000c0c   0x08000c0c   0x0000037c   Code   RO          150    .text               stm32f10x_rcc.o
    0x08000f88   0x08000f88   0x000000c4   Code   RO          176    .text               stm32f10x_systick.o
    0x0800104c   0x0800104c   0x00000864   Code   RO          188    .text               stm32f10x_tim.o
    0x080018b0   0x080018b0   0x000000ac   Code   RO          205    .text               partest.o
    0x0800195c   0x0800195c   0x00000284   Code   RO          222    .text               serial.o
    0x08001be0   0x08001be0   0x000000f8   Code   RO          245    .text               timertest.o
    0x08001cd8   0x08001cd8   0x000000b4   Code   RO          260    .text               main.o
    0x08001d8c   0x08001d8c   0x0000158e   Code   RO          459    .text               tasks.o
    0x0800331a   0x0800331a   0x00000094   Code   RO          496    .text               list.o
    0x080033ae   0x080033ae   0x00000002   PAD
    0x080033b0   0x080033b0   0x000008bc   Code   RO          508    .text               queue.o
    0x08003c6c   0x08003c6c   0x000000f0   Code   RO          536    .text               port.o
    0x08003d5c   0x08003d5c   0x00000190   Code   RO          565    .text               heap_2.o
    0x08003eec   0x08003eec   0x00000024   Code   RO          583    .text               mc_w.l(memcpya.o)
    0x08003f10   0x08003f10   0x00000024   Code   RO          585    .text               mc_w.l(memseta.o)
    0x08003f34   0x08003f34   0x00000024   Code   RO          881    .text               mc_w.l(init.o)
    0x08003f58   0x08003f58   0x00000010   Code   RO          590    i.__0printf$bare    mc_w.l(printfb.o)
    0x08003f68   0x08003f68   0x0000000e   Code   RO          893    i.__scatterload_copy  mc_w.l(handlers.o)
    0x08003f76   0x08003f76   0x00000002   Code   RO          894    i.__scatterload_null  mc_w.l(handlers.o)
    0x08003f78   0x08003f78   0x0000000e   Code   RO          895    i.__scatterload_zeroinit  mc_w.l(handlers.o)
    0x08003f86   0x08003f86   0x00000022   Code   RO          597    i._printf_core      mc_w.l(printfb.o)
    0x08003fa8   0x08003fa8   0x00000014   Data   RO          151    .constdata          stm32f10x_rcc.o
    0x08003fbc   0x08003fbc   0x00000010   Data   RO          189    .constdata          stm32f10x_tim.o
    0x08003fcc   0x08003fcc   0x00000020   Data   RO          891    Region$$Table       anon$$obj.o


    Execution Region RW_IRAM1 (Exec base: 0x20000000, Load base: 0x08003fec, Size: 0x00004740, Max: 0x00005000, ABSOLUTE)

    Exec Addr    Load Addr    Size         Type   Attr      Idx    E Section Name        Object

    0x20000000   0x08003fec   0x00000002   Data   RW          206    .data               partest.o
    0x20000002   0x08003fee   0x00000002   PAD
    0x20000004   0x08003ff0   0x00000008   Data   RW          223    .data               serial.o
    0x2000000c   0x08003ff8   0x00000008   Data   RW          246    .data               timertest.o
    0x20000014   0x08004000   0x00000040   Data   RW          461    .data               tasks.o
    0x20000054   0x08004040   0x00000004   Data   RW          537    .data               port.o
    0x20000058   0x08004044   0x00000018   Data   RW          567    .data               heap_2.o
    0x20000070   0x0800405c   0x00000004   Data   RW          865    .data               mc_w.l(stdout.o)
    0x20000074        -       0x000000c8   Zero   RW          460    .bss                tasks.o
    0x2000013c        -       0x00004400   Zero   RW          566    .bss                heap_2.o
    0x2000453c   0x08004060   0x00000004   PAD
    0x20004540        -       0x00000200   Zero   RW            1    STACK               stm32f10x.o


==============================================================================

Image component sizes


      Code (inc. data)   RO Data    RW Data    ZI Data      Debug   Object Name

       110          0          0          0          0        420   cortexm3_macro_rvds.o
       400         22          0         24      17408       4285   heap_2.o
         0          0          0          0          0      45284   lcd.o
       148          0          0          0          0       1930   list.o
       180         10          0          0          0        631   main.o
       172         10          0          2          0       1246   partest.o
       390         30          0          4          0       7256   port.o
      2236          8          0          0          0      27342   queue.o
         0          0          0          0          0       1452   semtest.o
       644         20          0          8          0       6760   serial.o
        28          4        236          0        512        788   stm32f10x.o
       736         16          0          0          0       4847   stm32f10x_gpio.o
       992         30          0          0          0       7248   stm32f10x_nvic.o
       892         38         20          0          0       8390   stm32f10x_rcc.o
       196          0          0          0          0       1601   stm32f10x_systick.o
      2148         12         16          0          0      31768   stm32f10x_tim.o
       804         10          0          0          0       7217   stm32f10x_usart.o
      5518        292          0         64        200      34272   tasks.o
       248         20          0          8          0       1174   timertest.o

    ----------------------------------------------------------------------
     15848        522        304        112      18124     193911   Object Totals
         0          0         32          0          0          0   (incl. Generated)
         6          0          0          2          4          0   (incl. Padding)

    ----------------------------------------------------------------------

      Code (inc. data)   RO Data    RW Data    ZI Data      Debug   Library Member Name

         0          0          0          0          0          0   entry.o
         0          0          0          0          0          0   entry10a.o
         0          0          0          0          0          0   entry11a.o
         4          0          0          0          0          0   entry12b.o
         8          4          0          0          0          0   entry2.o
         4          0          0          0          0          0   entry5.o
         0          0          0          0          0          0   entry7b.o
         0          0          0          0          0          0   entry8b.o
         8          4          0          0          0          0   entry9a.o
        30          0          0          0          0          0   handlers.o
        36          8          0          0          0         68   init.o
        36          0          0          0          0         68   memcpya.o
        36          0          0          0          0        108   memseta.o
        50          8          0          0          0        152   printfb.o
         0          0          0          4          0          0   stdout.o

    ----------------------------------------------------------------------
       212         24          0          4          0        396   Library Totals
         0          0          0          0          0          0   (incl. Padding)

    ----------------------------------------------------------------------

      Code (inc. data)   RO Data    RW Data    ZI Data      Debug   Library Name

       212         24          0          4          0        396   mc_w.l

    ----------------------------------------------------------------------
       212         24          0          4          0        396   Library Totals

    ----------------------------------------------------------------------

==============================================================================


      Code (inc. data)   RO Data    RW Data    ZI Data      Debug   

     16060        546        304        116      18124     192379   Grand Totals
     16060        546        304        116      18124     192379   ELF Image Totals
     16060        546        304        116          0          0   ROM Totals

==============================================================================

    Total RO  Size (Code + RO Data)                16364 (  15.98kB)
    Total RW  Size (RW Data + ZI Data)             18240 (  17.81kB)
    Total ROM Size (Code + RO Data + RW Data)      16480 (  16.09kB)

==============================================================================

